#-----------------------------------------------------------
# Vivado v2024.1 (64-bit)
# SW Build 5076996 on Wed May 22 18:37:14 MDT 2024
# IP Build 5075265 on Wed May 22 21:45:21 MDT 2024
# SharedData Build 5076995 on Wed May 22 18:29:18 MDT 2024
# Start of session at: Sun Jun  7 22:34:29 2026
# Process ID: 67868
# Current directory: C:/Karatsuba/Karatsuba_Multiplication/Karatsuba_kria/Karatsuba_kria.runs/karatsuba_1_xbar_0_synth_1
# Command line: vivado.exe -log karatsuba_1_xbar_0.vds -product Vivado -mode batch -messageDb vivado.pb -notrace -source karatsuba_1_xbar_0.tcl
# Log file: C:/Karatsuba/Karatsuba_Multiplication/Karatsuba_kria/Karatsuba_kria.runs/karatsuba_1_xbar_0_synth_1/karatsuba_1_xbar_0.vds
# Journal file: C:/Karatsuba/Karatsuba_Multiplication/Karatsuba_kria/Karatsuba_kria.runs/karatsuba_1_xbar_0_synth_1\vivado.jou
# Running On        :Rysiek
# Platform          :Windows Server 2016 or Windows 10
# Operating System  :26200
# Processor Detail  :12th Gen Intel(R) Core(TM) i7-12650H
# CPU Frequency     :2688 MHz
# CPU Physical cores:10
# CPU Logical cores :16
# Host memory       :16851 MB
# Swap memory       :29219 MB
# Total Virtual     :46070 MB
# Available Virtual :8619 MB
#-----------------------------------------------------------
source karatsuba_1_xbar_0.tcl -notrace
