
*** Running vivado
    with args -log karatsuba_1_wrapper.vdi -applog -m64 -product Vivado -messageDb vivado.pb -mode batch -source karatsuba_1_wrapper.tcl -notrace



****** Vivado v2024.1 (64-bit)
  **** SW Build 5076996 on Wed May 22 18:37:14 MDT 2024
  **** IP Build 5075265 on Wed May 22 21:45:21 MDT 2024
  **** SharedData Build 5076995 on Wed May 22 18:29:18 MDT 2024
  **** Start of session at: Sun Jun  7 22:37:18 2026
    ** Copyright 1986-2022 Xilinx, Inc. All Rights Reserved.
    ** Copyright 2022-2024 Advanced Micro Devices, Inc. All Rights Reserved.

source karatsuba_1_wrapper.tcl -notrace
create_project: Time (s): cpu = 00:00:09 ; elapsed = 00:00:09 . Memory (MB): peak = 523.809 ; gain = 200.758
INFO: [IP_Flow 19-234] Refreshing IP repositories
INFO: [IP_Flow 19-1700] Loaded user IP repository 'c:/Karatsuba/Karatsuba_Multiplication/ip_repo/karatsuba_mult_ip_1_0'.
INFO: [IP_Flow 19-1700] Loaded user IP repository 'c:/Karatsuba/Karatsuba_Multiplication/ip_repo/karatsuba_pipeline_ip_1_0'.
INFO: [IP_Flow 19-1700] Loaded user IP repository 'c:/Karatsuba/Karatsuba_Multiplication/ip_repo/naive_ip_1_0'.
INFO: [IP_Flow 19-1700] Loaded user IP repository 'c:/Karatsuba/Karatsuba_Multiplication/ip_repo/karatsuba_ip_1_0'.
INFO: [IP_Flow 19-2313] Loaded Vivado IP repository 'C:/Xilinx/Vivado/2024.1/data/ip'.
Command: link_design -top karatsuba_1_wrapper -part xck26-sfvc784-2LV-c
Design is defaulting to srcset: sources_1
Design is defaulting to constrset: constrs_1
INFO: [Device 21-403] Loading part xck26-sfvc784-2LV-c
INFO: [Project 1-454] Reading design checkpoint 'c:/Karatsuba/Karatsuba_Multiplication/Karatsuba_kria/Karatsuba_kria.gen/sources_1/bd/karatsuba_1/ip/karatsuba_1_axi_dma_0_0/karatsuba_1_axi_dma_0_0.dcp' for cell 'karatsuba_1_i/axi_dma_0'
INFO: [Project 1-454] Reading design checkpoint 'c:/Karatsuba/Karatsuba_Multiplication/Karatsuba_kria/Karatsuba_kria.gen/sources_1/bd/karatsuba_1/ip/karatsuba_1_karatsuba_mult_ip_0_0/karatsuba_1_karatsuba_mult_ip_0_0.dcp' for cell 'karatsuba_1_i/karatsuba_mult_ip_0'
INFO: [Project 1-454] Reading design checkpoint 'c:/Karatsuba/Karatsuba_Multiplication/Karatsuba_kria/Karatsuba_kria.gen/sources_1/bd/karatsuba_1/ip/karatsuba_1_karatsuba_pipeline_ip_0_0/karatsuba_1_karatsuba_pipeline_ip_0_0.dcp' for cell 'karatsuba_1_i/karatsuba_pipeline_ip_0'
INFO: [Project 1-454] Reading design checkpoint 'c:/Karatsuba/Karatsuba_Multiplication/Karatsuba_kria/Karatsuba_kria.gen/sources_1/bd/karatsuba_1/ip/karatsuba_1_naive_ip_0_0/karatsuba_1_naive_ip_0_0.dcp' for cell 'karatsuba_1_i/naive_ip_0'
INFO: [Project 1-454] Reading design checkpoint 'c:/Karatsuba/Karatsuba_Multiplication/Karatsuba_kria/Karatsuba_kria.gen/sources_1/bd/karatsuba_1/ip/karatsuba_1_rst_ps8_0_99M_0/karatsuba_1_rst_ps8_0_99M_0.dcp' for cell 'karatsuba_1_i/rst_ps8_0_99M'
INFO: [Project 1-454] Reading design checkpoint 'c:/Karatsuba/Karatsuba_Multiplication/Karatsuba_kria/Karatsuba_kria.gen/sources_1/bd/karatsuba_1/ip/karatsuba_1_zynq_ultra_ps_e_0_0/karatsuba_1_zynq_ultra_ps_e_0_0.dcp' for cell 'karatsuba_1_i/zynq_ultra_ps_e_0'
INFO: [Project 1-454] Reading design checkpoint 'c:/Karatsuba/Karatsuba_Multiplication/Karatsuba_kria/Karatsuba_kria.gen/sources_1/bd/karatsuba_1/ip/karatsuba_1_xbar_0/karatsuba_1_xbar_0.dcp' for cell 'karatsuba_1_i/axi_interconnect_0/xbar'
INFO: [Project 1-454] Reading design checkpoint 'c:/Karatsuba/Karatsuba_Multiplication/Karatsuba_kria/Karatsuba_kria.gen/sources_1/bd/karatsuba_1/ip/karatsuba_1_auto_ds_0/karatsuba_1_auto_ds_0.dcp' for cell 'karatsuba_1_i/axi_interconnect_0/s00_couplers/auto_ds'
INFO: [Project 1-454] Reading design checkpoint 'c:/Karatsuba/Karatsuba_Multiplication/Karatsuba_kria/Karatsuba_kria.gen/sources_1/bd/karatsuba_1/ip/karatsuba_1_auto_pc_0/karatsuba_1_auto_pc_0.dcp' for cell 'karatsuba_1_i/axi_interconnect_0/s00_couplers/auto_pc'
INFO: [Project 1-454] Reading design checkpoint 'c:/Karatsuba/Karatsuba_Multiplication/Karatsuba_kria/Karatsuba_kria.gen/sources_1/bd/karatsuba_1/ip/karatsuba_1_xbar_1/karatsuba_1_xbar_1.dcp' for cell 'karatsuba_1_i/axi_interconnect_1/xbar'
INFO: [Project 1-454] Reading design checkpoint 'c:/Karatsuba/Karatsuba_Multiplication/Karatsuba_kria/Karatsuba_kria.gen/sources_1/bd/karatsuba_1/ip/karatsuba_1_auto_us_0/karatsuba_1_auto_us_0.dcp' for cell 'karatsuba_1_i/axi_interconnect_1/s00_couplers/auto_us'
INFO: [Project 1-454] Reading design checkpoint 'c:/Karatsuba/Karatsuba_Multiplication/Karatsuba_kria/Karatsuba_kria.gen/sources_1/bd/karatsuba_1/ip/karatsuba_1_auto_us_1/karatsuba_1_auto_us_1.dcp' for cell 'karatsuba_1_i/axi_interconnect_1/s01_couplers/auto_us'
Netlist sorting complete. Time (s): cpu = 00:00:00 ; elapsed = 00:00:00.216 . Memory (MB): peak = 1595.562 ; gain = 0.000
INFO: [Netlist 29-17] Analyzing 126 Unisim elements for replacement
INFO: [Netlist 29-28] Unisim Transformation completed in 0 CPU seconds
INFO: [Project 1-479] Netlist was created with Vivado 2024.1
INFO: [Project 1-570] Preparing netlist for logic optimization
Parsing XDC File [c:/Karatsuba/Karatsuba_Multiplication/Karatsuba_kria/Karatsuba_kria.gen/sources_1/bd/karatsuba_1/ip/karatsuba_1_axi_dma_0_0/karatsuba_1_axi_dma_0_0.xdc] for cell 'karatsuba_1_i/axi_dma_0/U0'
WARNING: [Vivado_Tcl 4-921] Waiver ID 'CDC-1' -to list should not be empty. [c:/Karatsuba/Karatsuba_Multiplication/Karatsuba_kria/Karatsuba_kria.gen/sources_1/bd/karatsuba_1/ip/karatsuba_1_axi_dma_0_0/karatsuba_1_axi_dma_0_0.xdc:52]
WARNING: [Vivado_Tcl 4-921] Waiver ID 'CDC-1' -to list should not be empty. [c:/Karatsuba/Karatsuba_Multiplication/Karatsuba_kria/Karatsuba_kria.gen/sources_1/bd/karatsuba_1/ip/karatsuba_1_axi_dma_0_0/karatsuba_1_axi_dma_0_0.xdc:56]
WARNING: [Vivado_Tcl 4-919] Waiver ID 'CDC-1' -from list should not be empty. [c:/Karatsuba/Karatsuba_Multiplication/Karatsuba_kria/Karatsuba_kria.gen/sources_1/bd/karatsuba_1/ip/karatsuba_1_axi_dma_0_0/karatsuba_1_axi_dma_0_0.xdc:61]
Finished Parsing XDC File [c:/Karatsuba/Karatsuba_Multiplication/Karatsuba_kria/Karatsuba_kria.gen/sources_1/bd/karatsuba_1/ip/karatsuba_1_axi_dma_0_0/karatsuba_1_axi_dma_0_0.xdc] for cell 'karatsuba_1_i/axi_dma_0/U0'
Parsing XDC File [c:/Karatsuba/Karatsuba_Multiplication/Karatsuba_kria/Karatsuba_kria.gen/sources_1/bd/karatsuba_1/ip/karatsuba_1_zynq_ultra_ps_e_0_0/karatsuba_1_zynq_ultra_ps_e_0_0.xdc] for cell 'karatsuba_1_i/zynq_ultra_ps_e_0/inst'
Finished Parsing XDC File [c:/Karatsuba/Karatsuba_Multiplication/Karatsuba_kria/Karatsuba_kria.gen/sources_1/bd/karatsuba_1/ip/karatsuba_1_zynq_ultra_ps_e_0_0/karatsuba_1_zynq_ultra_ps_e_0_0.xdc] for cell 'karatsuba_1_i/zynq_ultra_ps_e_0/inst'
Parsing XDC File [c:/Karatsuba/Karatsuba_Multiplication/Karatsuba_kria/Karatsuba_kria.gen/sources_1/bd/karatsuba_1/ip/karatsuba_1_rst_ps8_0_99M_0/karatsuba_1_rst_ps8_0_99M_0_board.xdc] for cell 'karatsuba_1_i/rst_ps8_0_99M/U0'
Finished Parsing XDC File [c:/Karatsuba/Karatsuba_Multiplication/Karatsuba_kria/Karatsuba_kria.gen/sources_1/bd/karatsuba_1/ip/karatsuba_1_rst_ps8_0_99M_0/karatsuba_1_rst_ps8_0_99M_0_board.xdc] for cell 'karatsuba_1_i/rst_ps8_0_99M/U0'
Parsing XDC File [c:/Karatsuba/Karatsuba_Multiplication/Karatsuba_kria/Karatsuba_kria.gen/sources_1/bd/karatsuba_1/ip/karatsuba_1_rst_ps8_0_99M_0/karatsuba_1_rst_ps8_0_99M_0.xdc] for cell 'karatsuba_1_i/rst_ps8_0_99M/U0'
Finished Parsing XDC File [c:/Karatsuba/Karatsuba_Multiplication/Karatsuba_kria/Karatsuba_kria.gen/sources_1/bd/karatsuba_1/ip/karatsuba_1_rst_ps8_0_99M_0/karatsuba_1_rst_ps8_0_99M_0.xdc] for cell 'karatsuba_1_i/rst_ps8_0_99M/U0'
Parsing XDC File [c:/Karatsuba/Karatsuba_Multiplication/Karatsuba_kria/Karatsuba_kria.gen/sources_1/bd/karatsuba_1/ip/karatsuba_1_axi_dma_0_0/karatsuba_1_axi_dma_0_0_clocks.xdc] for cell 'karatsuba_1_i/axi_dma_0/U0'
Finished Parsing XDC File [c:/Karatsuba/Karatsuba_Multiplication/Karatsuba_kria/Karatsuba_kria.gen/sources_1/bd/karatsuba_1/ip/karatsuba_1_axi_dma_0_0/karatsuba_1_axi_dma_0_0_clocks.xdc] for cell 'karatsuba_1_i/axi_dma_0/U0'
Parsing XDC File [c:/Karatsuba/Karatsuba_Multiplication/Karatsuba_kria/Karatsuba_kria.gen/sources_1/bd/karatsuba_1/ip/karatsuba_1_auto_ds_0/karatsuba_1_auto_ds_0_clocks.xdc] for cell 'karatsuba_1_i/axi_interconnect_0/s00_couplers/auto_ds/inst'
WARNING: [Vivado_Tcl 4-921] Waiver ID 'CDC-1' -to list should not be empty. [c:/Karatsuba/Karatsuba_Multiplication/Karatsuba_kria/Karatsuba_kria.gen/sources_1/bd/karatsuba_1/ip/karatsuba_1_auto_ds_0/karatsuba_1_auto_ds_0_clocks.xdc:9]
WARNING: [Vivado_Tcl 4-921] Waiver ID 'CDC-1' -to list should not be empty. [c:/Karatsuba/Karatsuba_Multiplication/Karatsuba_kria/Karatsuba_kria.gen/sources_1/bd/karatsuba_1/ip/karatsuba_1_auto_ds_0/karatsuba_1_auto_ds_0_clocks.xdc:12]
WARNING: [Vivado_Tcl 4-921] Waiver ID 'CDC-1' -to list should not be empty. [c:/Karatsuba/Karatsuba_Multiplication/Karatsuba_kria/Karatsuba_kria.gen/sources_1/bd/karatsuba_1/ip/karatsuba_1_auto_ds_0/karatsuba_1_auto_ds_0_clocks.xdc:15]
WARNING: [Vivado_Tcl 4-921] Waiver ID 'CDC-1' -to list should not be empty. [c:/Karatsuba/Karatsuba_Multiplication/Karatsuba_kria/Karatsuba_kria.gen/sources_1/bd/karatsuba_1/ip/karatsuba_1_auto_ds_0/karatsuba_1_auto_ds_0_clocks.xdc:18]
WARNING: [Vivado_Tcl 4-921] Waiver ID 'CDC-1' -to list should not be empty. [c:/Karatsuba/Karatsuba_Multiplication/Karatsuba_kria/Karatsuba_kria.gen/sources_1/bd/karatsuba_1/ip/karatsuba_1_auto_ds_0/karatsuba_1_auto_ds_0_clocks.xdc:21]
WARNING: [Vivado_Tcl 4-921] Waiver ID 'CDC-1' -to list should not be empty. [c:/Karatsuba/Karatsuba_Multiplication/Karatsuba_kria/Karatsuba_kria.gen/sources_1/bd/karatsuba_1/ip/karatsuba_1_auto_ds_0/karatsuba_1_auto_ds_0_clocks.xdc:24]
WARNING: [Vivado_Tcl 4-921] Waiver ID 'CDC-1' -to list should not be empty. [c:/Karatsuba/Karatsuba_Multiplication/Karatsuba_kria/Karatsuba_kria.gen/sources_1/bd/karatsuba_1/ip/karatsuba_1_auto_ds_0/karatsuba_1_auto_ds_0_clocks.xdc:27]
WARNING: [Vivado_Tcl 4-921] Waiver ID 'CDC-1' -to list should not be empty. [c:/Karatsuba/Karatsuba_Multiplication/Karatsuba_kria/Karatsuba_kria.gen/sources_1/bd/karatsuba_1/ip/karatsuba_1_auto_ds_0/karatsuba_1_auto_ds_0_clocks.xdc:30]
WARNING: [Vivado_Tcl 4-921] Waiver ID 'CDC-1' -to list should not be empty. [c:/Karatsuba/Karatsuba_Multiplication/Karatsuba_kria/Karatsuba_kria.gen/sources_1/bd/karatsuba_1/ip/karatsuba_1_auto_ds_0/karatsuba_1_auto_ds_0_clocks.xdc:33]
WARNING: [Vivado_Tcl 4-921] Waiver ID 'CDC-1' -to list should not be empty. [c:/Karatsuba/Karatsuba_Multiplication/Karatsuba_kria/Karatsuba_kria.gen/sources_1/bd/karatsuba_1/ip/karatsuba_1_auto_ds_0/karatsuba_1_auto_ds_0_clocks.xdc:36]
WARNING: [Vivado_Tcl 4-921] Waiver ID 'CDC-10' -to list should not be empty. [c:/Karatsuba/Karatsuba_Multiplication/Karatsuba_kria/Karatsuba_kria.gen/sources_1/bd/karatsuba_1/ip/karatsuba_1_auto_ds_0/karatsuba_1_auto_ds_0_clocks.xdc:39]
WARNING: [Vivado_Tcl 4-921] Waiver ID 'CDC-10' -to list should not be empty. [c:/Karatsuba/Karatsuba_Multiplication/Karatsuba_kria/Karatsuba_kria.gen/sources_1/bd/karatsuba_1/ip/karatsuba_1_auto_ds_0/karatsuba_1_auto_ds_0_clocks.xdc:42]
WARNING: [Vivado_Tcl 4-921] Waiver ID 'CDC-10' -to list should not be empty. [c:/Karatsuba/Karatsuba_Multiplication/Karatsuba_kria/Karatsuba_kria.gen/sources_1/bd/karatsuba_1/ip/karatsuba_1_auto_ds_0/karatsuba_1_auto_ds_0_clocks.xdc:45]
WARNING: [Vivado_Tcl 4-921] Waiver ID 'CDC-2' -to list should not be empty. [c:/Karatsuba/Karatsuba_Multiplication/Karatsuba_kria/Karatsuba_kria.gen/sources_1/bd/karatsuba_1/ip/karatsuba_1_auto_ds_0/karatsuba_1_auto_ds_0_clocks.xdc:48]
WARNING: [Vivado_Tcl 4-921] Waiver ID 'CDC-11' -to list should not be empty. [c:/Karatsuba/Karatsuba_Multiplication/Karatsuba_kria/Karatsuba_kria.gen/sources_1/bd/karatsuba_1/ip/karatsuba_1_auto_ds_0/karatsuba_1_auto_ds_0_clocks.xdc:51]
WARNING: [Vivado_Tcl 4-921] Waiver ID 'CDC-11' -to list should not be empty. [c:/Karatsuba/Karatsuba_Multiplication/Karatsuba_kria/Karatsuba_kria.gen/sources_1/bd/karatsuba_1/ip/karatsuba_1_auto_ds_0/karatsuba_1_auto_ds_0_clocks.xdc:54]
Finished Parsing XDC File [c:/Karatsuba/Karatsuba_Multiplication/Karatsuba_kria/Karatsuba_kria.gen/sources_1/bd/karatsuba_1/ip/karatsuba_1_auto_ds_0/karatsuba_1_auto_ds_0_clocks.xdc] for cell 'karatsuba_1_i/axi_interconnect_0/s00_couplers/auto_ds/inst'
Parsing XDC File [c:/Karatsuba/Karatsuba_Multiplication/Karatsuba_kria/Karatsuba_kria.gen/sources_1/bd/karatsuba_1/ip/karatsuba_1_auto_us_0/karatsuba_1_auto_us_0_clocks.xdc] for cell 'karatsuba_1_i/axi_interconnect_1/s00_couplers/auto_us/inst'
WARNING: [Vivado_Tcl 4-921] Waiver ID 'CDC-1' -to list should not be empty. [c:/Karatsuba/Karatsuba_Multiplication/Karatsuba_kria/Karatsuba_kria.gen/sources_1/bd/karatsuba_1/ip/karatsuba_1_auto_us_0/karatsuba_1_auto_us_0_clocks.xdc:9]
WARNING: [Vivado_Tcl 4-921] Waiver ID 'CDC-1' -to list should not be empty. [c:/Karatsuba/Karatsuba_Multiplication/Karatsuba_kria/Karatsuba_kria.gen/sources_1/bd/karatsuba_1/ip/karatsuba_1_auto_us_0/karatsuba_1_auto_us_0_clocks.xdc:12]
WARNING: [Vivado_Tcl 4-921] Waiver ID 'CDC-1' -to list should not be empty. [c:/Karatsuba/Karatsuba_Multiplication/Karatsuba_kria/Karatsuba_kria.gen/sources_1/bd/karatsuba_1/ip/karatsuba_1_auto_us_0/karatsuba_1_auto_us_0_clocks.xdc:15]
WARNING: [Vivado_Tcl 4-921] Waiver ID 'CDC-1' -to list should not be empty. [c:/Karatsuba/Karatsuba_Multiplication/Karatsuba_kria/Karatsuba_kria.gen/sources_1/bd/karatsuba_1/ip/karatsuba_1_auto_us_0/karatsuba_1_auto_us_0_clocks.xdc:18]
WARNING: [Vivado_Tcl 4-921] Waiver ID 'CDC-1' -to list should not be empty. [c:/Karatsuba/Karatsuba_Multiplication/Karatsuba_kria/Karatsuba_kria.gen/sources_1/bd/karatsuba_1/ip/karatsuba_1_auto_us_0/karatsuba_1_auto_us_0_clocks.xdc:21]
WARNING: [Vivado_Tcl 4-921] Waiver ID 'CDC-1' -to list should not be empty. [c:/Karatsuba/Karatsuba_Multiplication/Karatsuba_kria/Karatsuba_kria.gen/sources_1/bd/karatsuba_1/ip/karatsuba_1_auto_us_0/karatsuba_1_auto_us_0_clocks.xdc:24]
WARNING: [Vivado_Tcl 4-921] Waiver ID 'CDC-1' -to list should not be empty. [c:/Karatsuba/Karatsuba_Multiplication/Karatsuba_kria/Karatsuba_kria.gen/sources_1/bd/karatsuba_1/ip/karatsuba_1_auto_us_0/karatsuba_1_auto_us_0_clocks.xdc:27]
WARNING: [Vivado_Tcl 4-921] Waiver ID 'CDC-1' -to list should not be empty. [c:/Karatsuba/Karatsuba_Multiplication/Karatsuba_kria/Karatsuba_kria.gen/sources_1/bd/karatsuba_1/ip/karatsuba_1_auto_us_0/karatsuba_1_auto_us_0_clocks.xdc:33]
WARNING: [Vivado_Tcl 4-921] Waiver ID 'CDC-1' -to list should not be empty. [c:/Karatsuba/Karatsuba_Multiplication/Karatsuba_kria/Karatsuba_kria.gen/sources_1/bd/karatsuba_1/ip/karatsuba_1_auto_us_0/karatsuba_1_auto_us_0_clocks.xdc:36]
WARNING: [Vivado_Tcl 4-921] Waiver ID 'CDC-10' -to list should not be empty. [c:/Karatsuba/Karatsuba_Multiplication/Karatsuba_kria/Karatsuba_kria.gen/sources_1/bd/karatsuba_1/ip/karatsuba_1_auto_us_0/karatsuba_1_auto_us_0_clocks.xdc:39]
WARNING: [Vivado_Tcl 4-921] Waiver ID 'CDC-10' -to list should not be empty. [c:/Karatsuba/Karatsuba_Multiplication/Karatsuba_kria/Karatsuba_kria.gen/sources_1/bd/karatsuba_1/ip/karatsuba_1_auto_us_0/karatsuba_1_auto_us_0_clocks.xdc:42]
WARNING: [Vivado_Tcl 4-921] Waiver ID 'CDC-10' -to list should not be empty. [c:/Karatsuba/Karatsuba_Multiplication/Karatsuba_kria/Karatsuba_kria.gen/sources_1/bd/karatsuba_1/ip/karatsuba_1_auto_us_0/karatsuba_1_auto_us_0_clocks.xdc:45]
WARNING: [Vivado_Tcl 4-921] Waiver ID 'CDC-2' -to list should not be empty. [c:/Karatsuba/Karatsuba_Multiplication/Karatsuba_kria/Karatsuba_kria.gen/sources_1/bd/karatsuba_1/ip/karatsuba_1_auto_us_0/karatsuba_1_auto_us_0_clocks.xdc:48]
WARNING: [Vivado_Tcl 4-921] Waiver ID 'CDC-11' -to list should not be empty. [c:/Karatsuba/Karatsuba_Multiplication/Karatsuba_kria/Karatsuba_kria.gen/sources_1/bd/karatsuba_1/ip/karatsuba_1_auto_us_0/karatsuba_1_auto_us_0_clocks.xdc:51]
WARNING: [Vivado_Tcl 4-921] Waiver ID 'CDC-11' -to list should not be empty. [c:/Karatsuba/Karatsuba_Multiplication/Karatsuba_kria/Karatsuba_kria.gen/sources_1/bd/karatsuba_1/ip/karatsuba_1_auto_us_0/karatsuba_1_auto_us_0_clocks.xdc:54]
Finished Parsing XDC File [c:/Karatsuba/Karatsuba_Multiplication/Karatsuba_kria/Karatsuba_kria.gen/sources_1/bd/karatsuba_1/ip/karatsuba_1_auto_us_0/karatsuba_1_auto_us_0_clocks.xdc] for cell 'karatsuba_1_i/axi_interconnect_1/s00_couplers/auto_us/inst'
Parsing XDC File [c:/Karatsuba/Karatsuba_Multiplication/Karatsuba_kria/Karatsuba_kria.gen/sources_1/bd/karatsuba_1/ip/karatsuba_1_auto_us_1/karatsuba_1_auto_us_1_clocks.xdc] for cell 'karatsuba_1_i/axi_interconnect_1/s01_couplers/auto_us/inst'
WARNING: [Vivado_Tcl 4-921] Waiver ID 'CDC-1' -to list should not be empty. [c:/Karatsuba/Karatsuba_Multiplication/Karatsuba_kria/Karatsuba_kria.gen/sources_1/bd/karatsuba_1/ip/karatsuba_1_auto_us_1/karatsuba_1_auto_us_1_clocks.xdc:9]
WARNING: [Vivado_Tcl 4-921] Waiver ID 'CDC-1' -to list should not be empty. [c:/Karatsuba/Karatsuba_Multiplication/Karatsuba_kria/Karatsuba_kria.gen/sources_1/bd/karatsuba_1/ip/karatsuba_1_auto_us_1/karatsuba_1_auto_us_1_clocks.xdc:12]
WARNING: [Vivado_Tcl 4-921] Waiver ID 'CDC-1' -to list should not be empty. [c:/Karatsuba/Karatsuba_Multiplication/Karatsuba_kria/Karatsuba_kria.gen/sources_1/bd/karatsuba_1/ip/karatsuba_1_auto_us_1/karatsuba_1_auto_us_1_clocks.xdc:15]
WARNING: [Vivado_Tcl 4-921] Waiver ID 'CDC-1' -to list should not be empty. [c:/Karatsuba/Karatsuba_Multiplication/Karatsuba_kria/Karatsuba_kria.gen/sources_1/bd/karatsuba_1/ip/karatsuba_1_auto_us_1/karatsuba_1_auto_us_1_clocks.xdc:18]
WARNING: [Vivado_Tcl 4-921] Waiver ID 'CDC-1' -to list should not be empty. [c:/Karatsuba/Karatsuba_Multiplication/Karatsuba_kria/Karatsuba_kria.gen/sources_1/bd/karatsuba_1/ip/karatsuba_1_auto_us_1/karatsuba_1_auto_us_1_clocks.xdc:21]
WARNING: [Vivado_Tcl 4-921] Waiver ID 'CDC-1' -to list should not be empty. [c:/Karatsuba/Karatsuba_Multiplication/Karatsuba_kria/Karatsuba_kria.gen/sources_1/bd/karatsuba_1/ip/karatsuba_1_auto_us_1/karatsuba_1_auto_us_1_clocks.xdc:24]
WARNING: [Vivado_Tcl 4-921] Waiver ID 'CDC-1' -to list should not be empty. [c:/Karatsuba/Karatsuba_Multiplication/Karatsuba_kria/Karatsuba_kria.gen/sources_1/bd/karatsuba_1/ip/karatsuba_1_auto_us_1/karatsuba_1_auto_us_1_clocks.xdc:27]
WARNING: [Vivado_Tcl 4-921] Waiver ID 'CDC-1' -to list should not be empty. [c:/Karatsuba/Karatsuba_Multiplication/Karatsuba_kria/Karatsuba_kria.gen/sources_1/bd/karatsuba_1/ip/karatsuba_1_auto_us_1/karatsuba_1_auto_us_1_clocks.xdc:33]
WARNING: [Vivado_Tcl 4-921] Waiver ID 'CDC-1' -to list should not be empty. [c:/Karatsuba/Karatsuba_Multiplication/Karatsuba_kria/Karatsuba_kria.gen/sources_1/bd/karatsuba_1/ip/karatsuba_1_auto_us_1/karatsuba_1_auto_us_1_clocks.xdc:36]
WARNING: [Vivado_Tcl 4-921] Waiver ID 'CDC-10' -to list should not be empty. [c:/Karatsuba/Karatsuba_Multiplication/Karatsuba_kria/Karatsuba_kria.gen/sources_1/bd/karatsuba_1/ip/karatsuba_1_auto_us_1/karatsuba_1_auto_us_1_clocks.xdc:39]
WARNING: [Vivado_Tcl 4-921] Waiver ID 'CDC-10' -to list should not be empty. [c:/Karatsuba/Karatsuba_Multiplication/Karatsuba_kria/Karatsuba_kria.gen/sources_1/bd/karatsuba_1/ip/karatsuba_1_auto_us_1/karatsuba_1_auto_us_1_clocks.xdc:42]
WARNING: [Vivado_Tcl 4-921] Waiver ID 'CDC-10' -to list should not be empty. [c:/Karatsuba/Karatsuba_Multiplication/Karatsuba_kria/Karatsuba_kria.gen/sources_1/bd/karatsuba_1/ip/karatsuba_1_auto_us_1/karatsuba_1_auto_us_1_clocks.xdc:45]
WARNING: [Vivado_Tcl 4-921] Waiver ID 'CDC-2' -to list should not be empty. [c:/Karatsuba/Karatsuba_Multiplication/Karatsuba_kria/Karatsuba_kria.gen/sources_1/bd/karatsuba_1/ip/karatsuba_1_auto_us_1/karatsuba_1_auto_us_1_clocks.xdc:48]
WARNING: [Vivado_Tcl 4-921] Waiver ID 'CDC-11' -to list should not be empty. [c:/Karatsuba/Karatsuba_Multiplication/Karatsuba_kria/Karatsuba_kria.gen/sources_1/bd/karatsuba_1/ip/karatsuba_1_auto_us_1/karatsuba_1_auto_us_1_clocks.xdc:51]
WARNING: [Vivado_Tcl 4-921] Waiver ID 'CDC-11' -to list should not be empty. [c:/Karatsuba/Karatsuba_Multiplication/Karatsuba_kria/Karatsuba_kria.gen/sources_1/bd/karatsuba_1/ip/karatsuba_1_auto_us_1/karatsuba_1_auto_us_1_clocks.xdc:54]
Finished Parsing XDC File [c:/Karatsuba/Karatsuba_Multiplication/Karatsuba_kria/Karatsuba_kria.gen/sources_1/bd/karatsuba_1/ip/karatsuba_1_auto_us_1/karatsuba_1_auto_us_1_clocks.xdc] for cell 'karatsuba_1_i/axi_interconnect_1/s01_couplers/auto_us/inst'
INFO: [Project 1-1714] 6 XPM XDC files have been applied to the design.
INFO: [Opt 31-138] Pushed 0 inverter(s) to 0 load pin(s).
INFO: [Project 1-1687] 46 scoped IP constraints or related sub-commands were skipped due to synthesis logic optimizations usually triggered by constant connectivity or unconnected output pins. To review the skipped constraints and messages, run the command 'set_param netlist.IPMsgFiltering false' before opening the design.
Netlist sorting complete. Time (s): cpu = 00:00:00 ; elapsed = 00:00:00.004 . Memory (MB): peak = 2617.516 ; gain = 0.000
INFO: [Project 1-111] Unisim Transformation Summary:
  A total of 11 instances were transformed.
  DSP48E2 => DSP48E2 (DSP_ALU, DSP_A_B_DATA, DSP_C_DATA, DSP_MULTIPLIER, DSP_M_DATA, DSP_OUTPUT, DSP_PREADD, DSP_PREADD_DATA): 3 instances
  RAM32M => RAM32M (RAMD32(x6), RAMS32(x2)): 1 instance 
  RAM32M16 => RAM32M16 (RAMD32(x14), RAMS32(x2)): 5 instances
  RAM32X1D => RAM32X1D (RAMD32(x2)): 2 instances

27 Infos, 49 Warnings, 0 Critical Warnings and 0 Errors encountered.
link_design completed successfully
link_design: Time (s): cpu = 00:00:26 ; elapsed = 00:00:33 . Memory (MB): peak = 2617.516 ; gain = 2027.984
Command: opt_design
Attempting to get a license for feature 'Implementation' and/or device 'xck26'
INFO: [Common 17-349] Got license for feature 'Implementation' and/or device 'xck26'
Running DRC as a precondition to command opt_design

Starting DRC Task
INFO: [DRC 23-27] Running DRC with 2 threads
INFO: [Project 1-461] DRC finished with 0 Errors
INFO: [Project 1-462] Please refer to the DRC report (report_drc) for more information.

Time (s): cpu = 00:00:03 ; elapsed = 00:00:02 . Memory (MB): peak = 2617.516 ; gain = 0.000

Starting Cache Timing Information Task
INFO: [Timing 38-35] Done setting XDC timing constraints.
Ending Cache Timing Information Task | Checksum: 1e4b8ffd6

Time (s): cpu = 00:00:00 ; elapsed = 00:00:00.629 . Memory (MB): peak = 2617.516 ; gain = 0.000

Starting Logic Optimization Task

Phase 1 Initialization

Phase 1.1 Core Generation And Design Setup
Phase 1.1 Core Generation And Design Setup | Checksum: 1e4b8ffd6

Time (s): cpu = 00:00:00 ; elapsed = 00:00:00.003 . Memory (MB): peak = 2986.582 ; gain = 0.000

Phase 1.2 Setup Constraints And Sort Netlist
Phase 1.2 Setup Constraints And Sort Netlist | Checksum: 1e4b8ffd6

Time (s): cpu = 00:00:00 ; elapsed = 00:00:00.010 . Memory (MB): peak = 2986.582 ; gain = 0.000
Phase 1 Initialization | Checksum: 1e4b8ffd6

Time (s): cpu = 00:00:00 ; elapsed = 00:00:00.011 . Memory (MB): peak = 2986.582 ; gain = 0.000

Phase 2 Timer Update And Timing Data Collection

Phase 2.1 Timer Update
Phase 2.1 Timer Update | Checksum: 1e4b8ffd6

Time (s): cpu = 00:00:00 ; elapsed = 00:00:00.203 . Memory (MB): peak = 2986.582 ; gain = 0.000

Phase 2.2 Timing Data Collection
Phase 2.2 Timing Data Collection | Checksum: 1e4b8ffd6

Time (s): cpu = 00:00:00 ; elapsed = 00:00:00.227 . Memory (MB): peak = 2986.582 ; gain = 0.000
Phase 2 Timer Update And Timing Data Collection | Checksum: 1e4b8ffd6

Time (s): cpu = 00:00:00 ; elapsed = 00:00:00.228 . Memory (MB): peak = 2986.582 ; gain = 0.000

Phase 3 Retarget
INFO: [Opt 31-1834] Total Chains To Be Transformed Were: 0 AND Number of Transformed insts Created are: 0
INFO: [Opt 31-1566] Pulled 5 inverters resulting in an inversion of 53 pins
INFO: [Opt 31-138] Pushed 22 inverter(s) to 2239 load pin(s).
INFO: [Opt 31-49] Retargeted 0 cell(s).
Phase 3 Retarget | Checksum: fc4b0532

Time (s): cpu = 00:00:01 ; elapsed = 00:00:00.721 . Memory (MB): peak = 2986.582 ; gain = 0.000
Retarget | Checksum: fc4b0532
INFO: [Opt 31-389] Phase Retarget created 13 cells and removed 347 cells
INFO: [Opt 31-1021] In phase Retarget, 27 netlist objects are constrained preventing optimization. Please run opt_design with -debug_log to get more detail. 

Phase 4 Constant propagation
INFO: [Opt 31-138] Pushed 5 inverter(s) to 10 load pin(s).
Phase 4 Constant propagation | Checksum: 1c0f6c6b5

Time (s): cpu = 00:00:01 ; elapsed = 00:00:00.937 . Memory (MB): peak = 2986.582 ; gain = 0.000
Constant propagation | Checksum: 1c0f6c6b5
INFO: [Opt 31-389] Phase Constant propagation created 303 cells and removed 854 cells
INFO: [Opt 31-1021] In phase Constant propagation, 27 netlist objects are constrained preventing optimization. Please run opt_design with -debug_log to get more detail. 

Phase 5 Sweep
Phase 5 Sweep | Checksum: 1b073907d

Time (s): cpu = 00:00:01 ; elapsed = 00:00:01 . Memory (MB): peak = 2986.582 ; gain = 0.000
Sweep | Checksum: 1b073907d
INFO: [Opt 31-389] Phase Sweep created 0 cells and removed 256 cells
INFO: [Opt 31-1021] In phase Sweep, 98 netlist objects are constrained preventing optimization. Please run opt_design with -debug_log to get more detail. 

Phase 6 BUFG optimization
INFO: [Opt 31-1077] Phase BUFG optimization inserted 0 global clock buffer(s) for CLOCK_LOW_FANOUT.
Phase 6 BUFG optimization | Checksum: 1b073907d

Time (s): cpu = 00:00:02 ; elapsed = 00:00:01 . Memory (MB): peak = 2986.582 ; gain = 0.000
BUFG optimization | Checksum: 1b073907d
INFO: [Opt 31-662] Phase BUFG optimization created 0 cells of which 0 are BUFGs and removed 0 cells.

Phase 7 Shift Register Optimization
INFO: [Opt 31-1064] SRL Remap converted 0 SRLs to 0 registers and converted 0 registers of register chains to 0 SRLs
Phase 7 Shift Register Optimization | Checksum: 1b073907d

Time (s): cpu = 00:00:02 ; elapsed = 00:00:01 . Memory (MB): peak = 2986.582 ; gain = 0.000
Shift Register Optimization | Checksum: 1b073907d
INFO: [Opt 31-389] Phase Shift Register Optimization created 0 cells and removed 0 cells

Phase 8 Post Processing Netlist
Phase 8 Post Processing Netlist | Checksum: 14569103d

Time (s): cpu = 00:00:02 ; elapsed = 00:00:01 . Memory (MB): peak = 2986.582 ; gain = 0.000
Post Processing Netlist | Checksum: 14569103d
INFO: [Opt 31-389] Phase Post Processing Netlist created 0 cells and removed 0 cells
INFO: [Opt 31-1021] In phase Post Processing Netlist, 33 netlist objects are constrained preventing optimization. Please run opt_design with -debug_log to get more detail. 

Phase 9 Finalization

Phase 9.1 Finalizing Design Cores and Updating Shapes
Phase 9.1 Finalizing Design Cores and Updating Shapes | Checksum: 1d6aee091

Time (s): cpu = 00:00:02 ; elapsed = 00:00:02 . Memory (MB): peak = 2986.582 ; gain = 0.000

Phase 9.2 Verifying Netlist Connectivity

Starting Connectivity Check Task

Time (s): cpu = 00:00:00 ; elapsed = 00:00:00.014 . Memory (MB): peak = 2986.582 ; gain = 0.000
Phase 9.2 Verifying Netlist Connectivity | Checksum: 1d6aee091

Time (s): cpu = 00:00:02 ; elapsed = 00:00:02 . Memory (MB): peak = 2986.582 ; gain = 0.000
Phase 9 Finalization | Checksum: 1d6aee091

Time (s): cpu = 00:00:02 ; elapsed = 00:00:02 . Memory (MB): peak = 2986.582 ; gain = 0.000
Opt_design Change Summary
=========================


-------------------------------------------------------------------------------------------------------------------------
|  Phase                        |  #Cells created  |  #Cells Removed  |  #Constrained objects preventing optimizations  |
-------------------------------------------------------------------------------------------------------------------------
|  Retarget                     |              13  |             347  |                                             27  |
|  Constant propagation         |             303  |             854  |                                             27  |
|  Sweep                        |               0  |             256  |                                             98  |
|  BUFG optimization            |               0  |               0  |                                              0  |
|  Shift Register Optimization  |               0  |               0  |                                              0  |
|  Post Processing Netlist      |               0  |               0  |                                             33  |
-------------------------------------------------------------------------------------------------------------------------


Ending Logic Optimization Task | Checksum: 1d6aee091

Time (s): cpu = 00:00:02 ; elapsed = 00:00:02 . Memory (MB): peak = 2986.582 ; gain = 0.000

Starting Power Optimization Task
INFO: [Pwropt 34-132] Skipping clock gating for clocks with a period < 2.00 ns.
INFO: [Pwropt 34-9] Applying IDT optimizations ...
INFO: [Pwropt 34-10] Applying ODC optimizations ...
INFO: [Timing 38-35] Done setting XDC timing constraints.
Running Vector-less Activity Propagation...

Finished Running Vector-less Activity Propagation


Starting PowerOpt Patch Enables Task
INFO: [Pwropt 34-162] WRITE_MODE attribute of 0 BRAM(s) out of a total of 2 has been updated to save power. Run report_power_opt to get a complete listing of the BRAMs updated.
INFO: [Pwropt 34-201] Structural ODC has moved 0 WE to EN ports
Number of BRAM Ports augmented: 1 newly gated: 0 Total Ports: 4
Ending PowerOpt Patch Enables Task | Checksum: 226d57c3d

Time (s): cpu = 00:00:00 ; elapsed = 00:00:00.038 . Memory (MB): peak = 3122.207 ; gain = 0.000
Ending Power Optimization Task | Checksum: 226d57c3d

Time (s): cpu = 00:00:05 ; elapsed = 00:00:04 . Memory (MB): peak = 3122.207 ; gain = 135.625

Starting Final Cleanup Task
Ending Final Cleanup Task | Checksum: 226d57c3d

Time (s): cpu = 00:00:00 ; elapsed = 00:00:00.001 . Memory (MB): peak = 3122.207 ; gain = 0.000

Starting Netlist Obfuscation Task
Netlist sorting complete. Time (s): cpu = 00:00:00 ; elapsed = 00:00:00.007 . Memory (MB): peak = 3122.207 ; gain = 0.000
Ending Netlist Obfuscation Task | Checksum: 20e6f14f5

Time (s): cpu = 00:00:00 ; elapsed = 00:00:00.009 . Memory (MB): peak = 3122.207 ; gain = 0.000
INFO: [Common 17-83] Releasing license: Implementation
56 Infos, 49 Warnings, 0 Critical Warnings and 0 Errors encountered.
opt_design completed successfully
opt_design: Time (s): cpu = 00:00:13 ; elapsed = 00:00:10 . Memory (MB): peak = 3122.207 ; gain = 504.691
INFO: [Vivado 12-24828] Executing command : report_drc -file karatsuba_1_wrapper_drc_opted.rpt -pb karatsuba_1_wrapper_drc_opted.pb -rpx karatsuba_1_wrapper_drc_opted.rpx
Command: report_drc -file karatsuba_1_wrapper_drc_opted.rpt -pb karatsuba_1_wrapper_drc_opted.pb -rpx karatsuba_1_wrapper_drc_opted.rpx
INFO: [IP_Flow 19-1839] IP Catalog is up to date.
INFO: [Timing 38-35] Done setting XDC timing constraints.
INFO: [DRC 23-27] Running DRC with 2 threads
INFO: [Vivado_Tcl 2-168] The results of DRC are in file C:/Karatsuba/Karatsuba_Multiplication/Karatsuba_kria/Karatsuba_kria.runs/impl_1/karatsuba_1_wrapper_drc_opted.rpt.
report_drc completed successfully
report_drc: Time (s): cpu = 00:00:20 ; elapsed = 00:00:21 . Memory (MB): peak = 4114.730 ; gain = 992.523
generate_parallel_reports: Time (s): cpu = 00:00:20 ; elapsed = 00:00:21 . Memory (MB): peak = 4114.730 ; gain = 992.523
INFO: [Timing 38-480] Writing timing data to binary archive.
Write ShapeDB Complete: Time (s): cpu = 00:00:00 ; elapsed = 00:00:00.018 . Memory (MB): peak = 4114.730 ; gain = 0.000
INFO: [Common 17-1381] The checkpoint 'C:/Karatsuba/Karatsuba_Multiplication/Karatsuba_kria/Karatsuba_kria.runs/impl_1/karatsuba_1_wrapper_opt.dcp' has been generated.
Command: place_design
Attempting to get a license for feature 'Implementation' and/or device 'xck26'
INFO: [Common 17-349] Got license for feature 'Implementation' and/or device 'xck26'
INFO: [Common 17-83] Releasing license: Implementation
INFO: [DRC 23-27] Running DRC with 2 threads
INFO: [Vivado_Tcl 4-198] DRC finished with 0 Errors
INFO: [Vivado_Tcl 4-199] Please refer to the DRC report (report_drc) for more information.
Running DRC as a precondition to command place_design
INFO: [DRC 23-27] Running DRC with 2 threads
INFO: [Vivado_Tcl 4-198] DRC finished with 0 Errors
INFO: [Vivado_Tcl 4-199] Please refer to the DRC report (report_drc) for more information.
INFO: [Place 30-611] Multithreading enabled for place_design using a maximum of 2 CPUs

Starting Placer Task

Phase 1 Placer Initialization

Phase 1.1 Placer Initialization Netlist Sorting
Netlist sorting complete. Time (s): cpu = 00:00:00 ; elapsed = 00:00:00.003 . Memory (MB): peak = 4114.730 ; gain = 0.000
Phase 1.1 Placer Initialization Netlist Sorting | Checksum: 14a288b92

Time (s): cpu = 00:00:00 ; elapsed = 00:00:00.010 . Memory (MB): peak = 4114.730 ; gain = 0.000
Netlist sorting complete. Time (s): cpu = 00:00:00 ; elapsed = 00:00:00.003 . Memory (MB): peak = 4114.730 ; gain = 0.000

Phase 1.2 IO Placement/ Clock Placement/ Build Placer Device
Phase 1.2 IO Placement/ Clock Placement/ Build Placer Device | Checksum: 16f0dcd23

Time (s): cpu = 00:00:01 ; elapsed = 00:00:00.767 . Memory (MB): peak = 4114.730 ; gain = 0.000

Phase 1.3 Build Placer Netlist Model
Phase 1.3 Build Placer Netlist Model | Checksum: 1bbe7f95d

Time (s): cpu = 00:00:04 ; elapsed = 00:00:03 . Memory (MB): peak = 4114.730 ; gain = 0.000

Phase 1.4 Constrain Clocks/Macros
Phase 1.4 Constrain Clocks/Macros | Checksum: 1bbe7f95d

Time (s): cpu = 00:00:04 ; elapsed = 00:00:03 . Memory (MB): peak = 4114.730 ; gain = 0.000
Phase 1 Placer Initialization | Checksum: 1bbe7f95d

Time (s): cpu = 00:00:04 ; elapsed = 00:00:03 . Memory (MB): peak = 4114.730 ; gain = 0.000

Phase 2 Global Placement

Phase 2.1 Floorplanning

Phase 2.1.1 Partition Driven Placement

Phase 2.1.1.1 PBP: Partition Driven Placement
Phase 2.1.1.1 PBP: Partition Driven Placement | Checksum: 1c330f240

Time (s): cpu = 00:00:07 ; elapsed = 00:00:05 . Memory (MB): peak = 4114.730 ; gain = 0.000

Phase 2.1.1.2 PBP: Clock Region Placement
INFO: [Place 30-3162] Check ILP status : ILP-based clock placer completed successfully.
Phase 2.1.1.2 PBP: Clock Region Placement | Checksum: 1ab9c3be8

Time (s): cpu = 00:00:07 ; elapsed = 00:00:05 . Memory (MB): peak = 4114.730 ; gain = 0.000

Phase 2.1.1.3 PBP: Compute Congestion
Phase 2.1.1.3 PBP: Compute Congestion | Checksum: 1ab9c3be8

Time (s): cpu = 00:00:16 ; elapsed = 00:00:10 . Memory (MB): peak = 4114.730 ; gain = 0.000

Phase 2.1.1.4 PBP: UpdateTiming
Phase 2.1.1.4 PBP: UpdateTiming | Checksum: 217e57db6

Time (s): cpu = 00:00:16 ; elapsed = 00:00:11 . Memory (MB): peak = 4114.730 ; gain = 0.000

Phase 2.1.1.5 PBP: Add part constraints
Phase 2.1.1.5 PBP: Add part constraints | Checksum: 217e57db6

Time (s): cpu = 00:00:16 ; elapsed = 00:00:11 . Memory (MB): peak = 4114.730 ; gain = 0.000
Phase 2.1.1 Partition Driven Placement | Checksum: 217e57db6

Time (s): cpu = 00:00:16 ; elapsed = 00:00:11 . Memory (MB): peak = 4114.730 ; gain = 0.000
Phase 2.1 Floorplanning | Checksum: 188b23ae9

Time (s): cpu = 00:00:16 ; elapsed = 00:00:11 . Memory (MB): peak = 4114.730 ; gain = 0.000

Phase 2.2 Update Timing before SLR Path Opt
Phase 2.2 Update Timing before SLR Path Opt | Checksum: 188b23ae9

Time (s): cpu = 00:00:16 ; elapsed = 00:00:11 . Memory (MB): peak = 4114.730 ; gain = 0.000

Phase 2.3 Post-Processing in Floorplanning
Phase 2.3 Post-Processing in Floorplanning | Checksum: 188b23ae9

Time (s): cpu = 00:00:16 ; elapsed = 00:00:11 . Memory (MB): peak = 4114.730 ; gain = 0.000

Phase 2.4 Global Placement Core

Phase 2.4.1 UpdateTiming Before Physical Synthesis
Phase 2.4.1 UpdateTiming Before Physical Synthesis | Checksum: 1f32f92c1

Time (s): cpu = 00:00:49 ; elapsed = 00:00:30 . Memory (MB): peak = 4114.730 ; gain = 0.000

Phase 2.4.2 Physical Synthesis In Placer
INFO: [Physopt 32-1035] Found 0 LUTNM shape to break, 349 LUT instances to create LUTNM shape
INFO: [Physopt 32-1044] Break lutnm for timing: one critical 0, two critical 0, total 0, new lutff created 0
INFO: [Physopt 32-1138] End 1 Pass. Optimized 130 nets or LUTs. Breaked 0 LUT, combined 130 existing LUTs and moved 0 existing LUT
INFO: [Physopt 32-1030] Pass 1. Identified 1 candidate driver set for equivalent driver rewiring.
INFO: [Physopt 32-661] Optimized 0 net.  Re-placed 0 instance.
INFO: [Physopt 32-775] End 1 Pass. Optimized 0 net or cell. Created 0 new cell, deleted 0 existing cell and moved 0 existing cell
INFO: [Physopt 32-65] No nets found for high-fanout optimization.
INFO: [Physopt 32-232] Optimized 0 net. Created 0 new instance.
INFO: [Physopt 32-775] End 1 Pass. Optimized 0 net or cell. Created 0 new cell, deleted 0 existing cell and moved 0 existing cell
INFO: [Physopt 32-670] No setup violation found.  DSP Register Optimization was not performed.
INFO: [Physopt 32-670] No setup violation found.  Shift Register to Pipeline Optimization was not performed.
INFO: [Physopt 32-670] No setup violation found.  Shift Register Optimization was not performed.
INFO: [Physopt 32-670] No setup violation found.  BRAM Register Optimization was not performed.
INFO: [Physopt 32-670] No setup violation found.  URAM Register Optimization was not performed.
INFO: [Physopt 32-949] No candidate nets found for dynamic/static region interface net replication
INFO: [Physopt 32-775] End 1 Pass. Optimized 0 net or cell. Created 0 new cell, deleted 0 existing cell and moved 0 existing cell
Netlist sorting complete. Time (s): cpu = 00:00:00 ; elapsed = 00:00:00.010 . Memory (MB): peak = 4114.730 ; gain = 0.000

Summary of Physical Synthesis Optimizations
============================================


-----------------------------------------------------------------------------------------------------------------------------------------------------------
|  Optimization                                     |  Added Cells  |  Removed Cells  |  Optimized Cells/Nets  |  Dont Touch  |  Iterations  |  Elapsed   |
-----------------------------------------------------------------------------------------------------------------------------------------------------------
|  LUT Combining                                    |            0  |            130  |                   130  |           0  |           1  |  00:00:00  |
|  Retime                                           |            0  |              0  |                     0  |           0  |           1  |  00:00:00  |
|  Equivalent Driver Rewiring                       |            0  |              0  |                     0  |           0  |           1  |  00:00:00  |
|  Very High Fanout                                 |            0  |              0  |                     0  |           0  |           1  |  00:00:00  |
|  DSP Register                                     |            0  |              0  |                     0  |           0  |           0  |  00:00:00  |
|  Shift Register to Pipeline                       |            0  |              0  |                     0  |           0  |           0  |  00:00:00  |
|  Shift Register                                   |            0  |              0  |                     0  |           0  |           0  |  00:00:00  |
|  BRAM Register                                    |            0  |              0  |                     0  |           0  |           0  |  00:00:00  |
|  URAM Register                                    |            0  |              0  |                     0  |           0  |           0  |  00:00:00  |
|  Dynamic/Static Region Interface Net Replication  |            0  |              0  |                     0  |           0  |           1  |  00:00:00  |
|  Total                                            |            0  |            130  |                   130  |           0  |           5  |  00:00:01  |
-----------------------------------------------------------------------------------------------------------------------------------------------------------


Phase 2.4.2 Physical Synthesis In Placer | Checksum: 28fb61f5e

Time (s): cpu = 00:00:51 ; elapsed = 00:00:33 . Memory (MB): peak = 4114.730 ; gain = 0.000
Phase 2.4 Global Placement Core | Checksum: 2541674b1

Time (s): cpu = 00:01:10 ; elapsed = 00:00:44 . Memory (MB): peak = 4114.730 ; gain = 0.000
Phase 2 Global Placement | Checksum: 2541674b1

Time (s): cpu = 00:01:10 ; elapsed = 00:00:44 . Memory (MB): peak = 4114.730 ; gain = 0.000

Phase 3 Detail Placement

Phase 3.1 Commit Multi Column Macros
Phase 3.1 Commit Multi Column Macros | Checksum: 2c24211dc

Time (s): cpu = 00:01:30 ; elapsed = 00:00:55 . Memory (MB): peak = 4114.730 ; gain = 0.000

Phase 3.2 Commit Most Macros & LUTRAMs
Phase 3.2 Commit Most Macros & LUTRAMs | Checksum: 209c3f91f

Time (s): cpu = 00:01:31 ; elapsed = 00:00:57 . Memory (MB): peak = 4114.730 ; gain = 0.000

Phase 3.3 Small Shape DP

Phase 3.3.1 Small Shape Clustering
Phase 3.3.1 Small Shape Clustering | Checksum: 247cfa1b6

Time (s): cpu = 00:02:08 ; elapsed = 00:01:19 . Memory (MB): peak = 4114.730 ; gain = 0.000

Phase 3.3.2 Slice Area Swap

Phase 3.3.2.1 Slice Area Swap Initial
Phase 3.3.2.1 Slice Area Swap Initial | Checksum: 1cc9ece37

Time (s): cpu = 00:02:27 ; elapsed = 00:01:31 . Memory (MB): peak = 4114.730 ; gain = 0.000
Phase 3.3.2 Slice Area Swap | Checksum: 1cc9ece37

Time (s): cpu = 00:02:27 ; elapsed = 00:01:31 . Memory (MB): peak = 4114.730 ; gain = 0.000
Phase 3.3 Small Shape DP | Checksum: 208fdb65d

Time (s): cpu = 00:03:08 ; elapsed = 00:01:55 . Memory (MB): peak = 4114.730 ; gain = 0.000

Phase 3.4 Re-assign LUT pins
Phase 3.4 Re-assign LUT pins | Checksum: 1f614b9fb

Time (s): cpu = 00:03:09 ; elapsed = 00:01:57 . Memory (MB): peak = 4114.730 ; gain = 0.000

Phase 3.5 Pipeline Register Optimization
Phase 3.5 Pipeline Register Optimization | Checksum: 27711eab5

Time (s): cpu = 00:03:09 ; elapsed = 00:01:57 . Memory (MB): peak = 4114.730 ; gain = 0.000
Phase 3 Detail Placement | Checksum: 27711eab5

Time (s): cpu = 00:03:09 ; elapsed = 00:01:57 . Memory (MB): peak = 4114.730 ; gain = 0.000

Phase 4 Post Placement Optimization and Clean-Up

Phase 4.1 Post Commit Optimization
INFO: [Timing 38-35] Done setting XDC timing constraints.

Phase 4.1.1 Post Placement Optimization
Post Placement Optimization Initialization | Checksum: 1c1c384db

Phase 4.1.1.1 BUFG Insertion

Starting Physical Synthesis Task

Phase 1 Physical Synthesis Initialization
INFO: [Physopt 32-721] Multithreading enabled for phys_opt_design using a maximum of 2 CPUs
INFO: [Physopt 32-619] Estimated Timing Summary | WNS=6.098 | TNS=0.000 |
Phase 1 Physical Synthesis Initialization | Checksum: 1b582eaa9

Time (s): cpu = 00:00:01 ; elapsed = 00:00:00.401 . Memory (MB): peak = 4114.730 ; gain = 0.000
INFO: [Place 46-56] BUFG insertion identified 0 candidate nets. Inserted BUFG: 0, Replicated BUFG Driver: 0, Skipped due to Placement/Routing Conflicts: 0, Skipped due to Timing Degradation: 0, Skipped due to netlist editing failed: 0.
Ending Physical Synthesis Task | Checksum: 2741e27ca

Time (s): cpu = 00:00:01 ; elapsed = 00:00:00.645 . Memory (MB): peak = 4114.730 ; gain = 0.000
Phase 4.1.1.1 BUFG Insertion | Checksum: 1c1c384db

Time (s): cpu = 00:03:37 ; elapsed = 00:02:15 . Memory (MB): peak = 4114.730 ; gain = 0.000

Phase 4.1.1.2 Post Placement Timing Optimization
INFO: [Place 30-746] Post Placement Timing Summary WNS=6.098. For the most accurate timing information please run report_timing.
Phase 4.1.1.2 Post Placement Timing Optimization | Checksum: 1d7a65f3c

Time (s): cpu = 00:03:37 ; elapsed = 00:02:16 . Memory (MB): peak = 4114.730 ; gain = 0.000

Time (s): cpu = 00:03:37 ; elapsed = 00:02:16 . Memory (MB): peak = 4114.730 ; gain = 0.000
Phase 4.1 Post Commit Optimization | Checksum: 1d7a65f3c

Time (s): cpu = 00:03:38 ; elapsed = 00:02:16 . Memory (MB): peak = 4114.730 ; gain = 0.000
Netlist sorting complete. Time (s): cpu = 00:00:00 ; elapsed = 00:00:00.006 . Memory (MB): peak = 4114.730 ; gain = 0.000

Phase 4.2 Post Placement Cleanup
Phase 4.2 Post Placement Cleanup | Checksum: 1e1cd4be4

Time (s): cpu = 00:04:00 ; elapsed = 00:02:31 . Memory (MB): peak = 4114.730 ; gain = 0.000

Phase 4.3 Placer Reporting

Phase 4.3.1 Print Estimated Congestion
INFO: [Place 30-612] Post-Placement Estimated Congestion 
 ________________________________________________________________________
|           | Global Congestion | Long Congestion   | Short Congestion  |
| Direction | Region Size       | Region Size       | Region Size       |
|___________|___________________|___________________|___________________|
|      North|                1x1|                1x1|                1x1|
|___________|___________________|___________________|___________________|
|      South|                1x1|                1x1|                1x1|
|___________|___________________|___________________|___________________|
|       East|                1x1|                1x1|                1x1|
|___________|___________________|___________________|___________________|
|       West|                1x1|                1x1|                1x1|
|___________|___________________|___________________|___________________|

Phase 4.3.1 Print Estimated Congestion | Checksum: 1e1cd4be4

Time (s): cpu = 00:04:00 ; elapsed = 00:02:31 . Memory (MB): peak = 4114.730 ; gain = 0.000
Phase 4.3 Placer Reporting | Checksum: 1e1cd4be4

Time (s): cpu = 00:04:00 ; elapsed = 00:02:31 . Memory (MB): peak = 4114.730 ; gain = 0.000

Phase 4.4 Final Placement Cleanup
Netlist sorting complete. Time (s): cpu = 00:00:00 ; elapsed = 00:00:00.007 . Memory (MB): peak = 4114.730 ; gain = 0.000

Time (s): cpu = 00:04:00 ; elapsed = 00:02:32 . Memory (MB): peak = 4114.730 ; gain = 0.000
Phase 4 Post Placement Optimization and Clean-Up | Checksum: 169751f13

Time (s): cpu = 00:04:01 ; elapsed = 00:02:32 . Memory (MB): peak = 4114.730 ; gain = 0.000
Ending Placer Task | Checksum: 141a65e3e

Time (s): cpu = 00:04:01 ; elapsed = 00:02:32 . Memory (MB): peak = 4114.730 ; gain = 0.000
95 Infos, 49 Warnings, 0 Critical Warnings and 0 Errors encountered.
place_design completed successfully
place_design: Time (s): cpu = 00:04:06 ; elapsed = 00:02:36 . Memory (MB): peak = 4114.730 ; gain = 0.000
INFO: [Vivado 12-24838] Running report commands "report_control_sets, report_io, report_utilization" in parallel.
Running report generation with 2 threads.
INFO: [Vivado 12-24828] Executing command : report_utilization -file karatsuba_1_wrapper_utilization_placed.rpt -pb karatsuba_1_wrapper_utilization_placed.pb
INFO: [Vivado 12-24828] Executing command : report_io -file karatsuba_1_wrapper_io_placed.rpt
report_io: Time (s): cpu = 00:00:00 ; elapsed = 00:00:00.247 . Memory (MB): peak = 4114.730 ; gain = 0.000
INFO: [Vivado 12-24828] Executing command : report_control_sets -verbose -file karatsuba_1_wrapper_control_sets_placed.rpt
report_control_sets: Time (s): cpu = 00:00:00 ; elapsed = 00:00:00.061 . Memory (MB): peak = 4114.730 ; gain = 0.000
INFO: [Timing 38-480] Writing timing data to binary archive.
Write ShapeDB Complete: Time (s): cpu = 00:00:01 ; elapsed = 00:00:00.078 . Memory (MB): peak = 4114.730 ; gain = 0.000
Wrote PlaceDB: Time (s): cpu = 00:00:04 ; elapsed = 00:00:02 . Memory (MB): peak = 4114.730 ; gain = 0.000
Wrote PulsedLatchDB: Time (s): cpu = 00:00:00 ; elapsed = 00:00:00 . Memory (MB): peak = 4114.730 ; gain = 0.000
Writing XDEF routing.
Writing XDEF routing logical nets.
Writing XDEF routing special nets.
Wrote RouteStorage: Time (s): cpu = 00:00:00 ; elapsed = 00:00:00.170 . Memory (MB): peak = 4114.730 ; gain = 0.000
Wrote Netlist Cache: Time (s): cpu = 00:00:00 ; elapsed = 00:00:00.025 . Memory (MB): peak = 4114.730 ; gain = 0.000
Wrote Device Cache: Time (s): cpu = 00:00:00 ; elapsed = 00:00:00.056 . Memory (MB): peak = 4114.730 ; gain = 0.000
Write Physdb Complete: Time (s): cpu = 00:00:05 ; elapsed = 00:00:02 . Memory (MB): peak = 4114.730 ; gain = 0.000
INFO: [Common 17-1381] The checkpoint 'C:/Karatsuba/Karatsuba_Multiplication/Karatsuba_kria/Karatsuba_kria.runs/impl_1/karatsuba_1_wrapper_placed.dcp' has been generated.
write_checkpoint: Time (s): cpu = 00:00:08 ; elapsed = 00:00:08 . Memory (MB): peak = 4114.730 ; gain = 0.000
Command: phys_opt_design
Attempting to get a license for feature 'Implementation' and/or device 'xck26'
INFO: [Common 17-349] Got license for feature 'Implementation' and/or device 'xck26'

Starting Initial Update Timing Task

Time (s): cpu = 00:00:06 ; elapsed = 00:00:04 . Memory (MB): peak = 4114.730 ; gain = 0.000
INFO: [Vivado_Tcl 4-2279] Estimated Timing Summary | WNS= 6.102 | TNS= 0.000 | 
INFO: [Vivado_Tcl 4-383] Design worst setup slack (WNS) is greater than or equal to 0.000 ns. All physical synthesis setup optimizations will be skipped.
INFO: [Vivado_Tcl 4-232] No setup violation found. The netlist was not modified.
INFO: [Common 17-83] Releasing license: Implementation
106 Infos, 49 Warnings, 0 Critical Warnings and 0 Errors encountered.
phys_opt_design completed successfully
INFO: [Timing 38-480] Writing timing data to binary archive.
Write ShapeDB Complete: Time (s): cpu = 00:00:00 ; elapsed = 00:00:00.140 . Memory (MB): peak = 4114.730 ; gain = 0.000
Wrote PlaceDB: Time (s): cpu = 00:00:03 ; elapsed = 00:00:01 . Memory (MB): peak = 4114.730 ; gain = 0.000
Wrote PulsedLatchDB: Time (s): cpu = 00:00:00 ; elapsed = 00:00:00.007 . Memory (MB): peak = 4114.730 ; gain = 0.000
Writing XDEF routing.
Writing XDEF routing logical nets.
Writing XDEF routing special nets.
Wrote RouteStorage: Time (s): cpu = 00:00:01 ; elapsed = 00:00:00.151 . Memory (MB): peak = 4114.730 ; gain = 0.000
Wrote Netlist Cache: Time (s): cpu = 00:00:00 ; elapsed = 00:00:00.031 . Memory (MB): peak = 4114.730 ; gain = 0.000
Wrote Device Cache: Time (s): cpu = 00:00:00 ; elapsed = 00:00:00.071 . Memory (MB): peak = 4114.730 ; gain = 0.000
Write Physdb Complete: Time (s): cpu = 00:00:04 ; elapsed = 00:00:02 . Memory (MB): peak = 4114.730 ; gain = 0.000
INFO: [Common 17-1381] The checkpoint 'C:/Karatsuba/Karatsuba_Multiplication/Karatsuba_kria/Karatsuba_kria.runs/impl_1/karatsuba_1_wrapper_physopt.dcp' has been generated.
write_checkpoint: Time (s): cpu = 00:00:07 ; elapsed = 00:00:10 . Memory (MB): peak = 4114.730 ; gain = 0.000
Command: route_design
Attempting to get a license for feature 'Implementation' and/or device 'xck26'
INFO: [Common 17-349] Got license for feature 'Implementation' and/or device 'xck26'
Running DRC as a precondition to command route_design
INFO: [DRC 23-27] Running DRC with 2 threads
INFO: [Vivado_Tcl 4-198] DRC finished with 0 Errors
INFO: [Vivado_Tcl 4-199] Please refer to the DRC report (report_drc) for more information.


Starting Routing Task
INFO: [Route 35-254] Multithreading enabled for route_design using a maximum of 8 CPUs

Phase 1 Build RT Design
Checksum: PlaceDB: a6f9d49 ConstDB: 0 ShapeSum: 66f84e01 RouteDB: d03e72f4
Nodegraph reading from file.  Time (s): cpu = 00:00:02 ; elapsed = 00:00:03 . Memory (MB): peak = 4114.730 ; gain = 0.000
Post Restoration Checksum: NetGraph: d761e8a9 | NumContArr: 8d092560 | Constraints: 3e1fdb30 | Timing: c2a8fa9d
Phase 1 Build RT Design | Checksum: 26533e3d6

Time (s): cpu = 00:00:11 ; elapsed = 00:00:09 . Memory (MB): peak = 4114.730 ; gain = 0.000

Phase 2 Router Initialization

Phase 2.1 Fix Topology Constraints
Phase 2.1 Fix Topology Constraints | Checksum: 26533e3d6

Time (s): cpu = 00:00:11 ; elapsed = 00:00:09 . Memory (MB): peak = 4114.730 ; gain = 0.000

Phase 2.2 Pre Route Cleanup
Phase 2.2 Pre Route Cleanup | Checksum: 26533e3d6

Time (s): cpu = 00:00:11 ; elapsed = 00:00:09 . Memory (MB): peak = 4114.730 ; gain = 0.000

Phase 2.3 Global Clock Net Routing
 Number of Nodes with overlaps = 0
Phase 2.3 Global Clock Net Routing | Checksum: 128692eb3

Time (s): cpu = 00:00:13 ; elapsed = 00:00:10 . Memory (MB): peak = 4186.602 ; gain = 71.871

Phase 2.4 Update Timing
Phase 2.4 Update Timing | Checksum: b4d61976

Time (s): cpu = 00:00:16 ; elapsed = 00:00:12 . Memory (MB): peak = 4186.602 ; gain = 71.871
INFO: [Route 35-416] Intermediate Timing Summary | WNS=6.272  | TNS=0.000  | WHS=-0.065 | THS=-12.233|


Router Utilization Summary
  Global Vertical Routing Utilization    = 0 %
  Global Horizontal Routing Utilization  = 0 %
  Routable Net Status*
  *Does not include unroutable nets such as driverless and loadless.
  Run report_route_status for detailed report.
  Number of Failed Nets               = 8385
    (Failed Nets is the sum of unrouted and partially routed nets)
  Number of Unrouted Nets             = 7047
  Number of Partially Routed Nets     = 1338
  Number of Node Overlaps             = 0

Phase 2 Router Initialization | Checksum: c08e2c73

Time (s): cpu = 00:00:23 ; elapsed = 00:00:17 . Memory (MB): peak = 4193.316 ; gain = 78.586

Phase 3 Global Routing
Phase 3 Global Routing | Checksum: c08e2c73

Time (s): cpu = 00:00:23 ; elapsed = 00:00:17 . Memory (MB): peak = 4193.316 ; gain = 78.586

Phase 4 Initial Routing

Phase 4.1 Initial Net Routing Pass
Phase 4.1 Initial Net Routing Pass | Checksum: 28c0b1516

Time (s): cpu = 00:00:29 ; elapsed = 00:00:19 . Memory (MB): peak = 4193.316 ; gain = 78.586
Phase 4 Initial Routing | Checksum: 1e1c31e16

Time (s): cpu = 00:00:29 ; elapsed = 00:00:19 . Memory (MB): peak = 4193.316 ; gain = 78.586

Phase 5 Rip-up And Reroute

Phase 5.1 Global Iteration 0
 Number of Nodes with overlaps = 1342
 Number of Nodes with overlaps = 77
 Number of Nodes with overlaps = 1
 Number of Nodes with overlaps = 0
INFO: [Route 35-416] Intermediate Timing Summary | WNS=4.237  | TNS=0.000  | WHS=-0.006 | THS=-0.011 |

Phase 5.1 Global Iteration 0 | Checksum: 104c358cd

Time (s): cpu = 00:00:48 ; elapsed = 00:00:28 . Memory (MB): peak = 4193.316 ; gain = 78.586

Phase 5.2 Additional Iteration for Hold
Phase 5.2 Additional Iteration for Hold | Checksum: 14574d1e6

Time (s): cpu = 00:00:48 ; elapsed = 00:00:28 . Memory (MB): peak = 4193.316 ; gain = 78.586
Phase 5 Rip-up And Reroute | Checksum: 14574d1e6

Time (s): cpu = 00:00:48 ; elapsed = 00:00:28 . Memory (MB): peak = 4193.316 ; gain = 78.586

Phase 6 Delay and Skew Optimization

Phase 6.1 Delay CleanUp
INFO: [Route 35-416] Intermediate Timing Summary | WNS=4.237  | TNS=0.000  | WHS=0.012  | THS=0.000  |

INFO: [Route 35-416] Intermediate Timing Summary | WNS=4.237  | TNS=0.000  | WHS=0.012  | THS=0.000  |

Phase 6.1 Delay CleanUp | Checksum: b08014df

Time (s): cpu = 00:00:51 ; elapsed = 00:00:30 . Memory (MB): peak = 4193.316 ; gain = 78.586

Phase 6.2 Clock Skew Optimization
Phase 6.2 Clock Skew Optimization | Checksum: b08014df

Time (s): cpu = 00:00:51 ; elapsed = 00:00:30 . Memory (MB): peak = 4193.316 ; gain = 78.586
Phase 6 Delay and Skew Optimization | Checksum: b08014df

Time (s): cpu = 00:00:51 ; elapsed = 00:00:30 . Memory (MB): peak = 4193.316 ; gain = 78.586

Phase 7 Post Hold Fix

Phase 7.1 Hold Fix Iter
INFO: [Route 35-416] Intermediate Timing Summary | WNS=4.237  | TNS=0.000  | WHS=0.012  | THS=0.000  |

Phase 7.1 Hold Fix Iter | Checksum: 143d4a1ae

Time (s): cpu = 00:00:54 ; elapsed = 00:00:32 . Memory (MB): peak = 4193.316 ; gain = 78.586
Phase 7 Post Hold Fix | Checksum: 143d4a1ae

Time (s): cpu = 00:00:54 ; elapsed = 00:00:32 . Memory (MB): peak = 4193.316 ; gain = 78.586

Phase 8 Route finalize

Router Utilization Summary
  Global Vertical Routing Utilization    = 0.526241 %
  Global Horizontal Routing Utilization  = 0.790996 %
  Routable Net Status*
  *Does not include unroutable nets such as driverless and loadless.
  Run report_route_status for detailed report.
  Number of Failed Nets               = 0
    (Failed Nets is the sum of unrouted and partially routed nets)
  Number of Unrouted Nets             = 0
  Number of Partially Routed Nets     = 0
  Number of Node Overlaps             = 0

Phase 8 Route finalize | Checksum: 143d4a1ae

Time (s): cpu = 00:00:55 ; elapsed = 00:00:32 . Memory (MB): peak = 4193.316 ; gain = 78.586

Phase 9 Verifying routed nets

 Verification completed successfully
Phase 9 Verifying routed nets | Checksum: 143d4a1ae

Time (s): cpu = 00:00:55 ; elapsed = 00:00:32 . Memory (MB): peak = 4193.316 ; gain = 78.586

Phase 10 Depositing Routes
Phase 10 Depositing Routes | Checksum: 143d4a1ae

Time (s): cpu = 00:00:56 ; elapsed = 00:00:33 . Memory (MB): peak = 4193.316 ; gain = 78.586

Phase 11 Resolve XTalk
Phase 11 Resolve XTalk | Checksum: 143d4a1ae

Time (s): cpu = 00:00:56 ; elapsed = 00:00:34 . Memory (MB): peak = 4193.316 ; gain = 78.586

Phase 12 Post Process Routing
Phase 12 Post Process Routing | Checksum: 143d4a1ae

Time (s): cpu = 00:00:57 ; elapsed = 00:00:34 . Memory (MB): peak = 4193.316 ; gain = 78.586

Phase 13 Post Router Timing
INFO: [Route 35-57] Estimated Timing Summary | WNS=4.237  | TNS=0.000  | WHS=0.012  | THS=0.000  |

INFO: [Route 35-327] The final timing numbers are based on the router estimated timing analysis. For a complete and accurate timing signoff, please run report_timing_summary.
Phase 13 Post Router Timing | Checksum: 143d4a1ae

Time (s): cpu = 00:00:57 ; elapsed = 00:00:34 . Memory (MB): peak = 4193.316 ; gain = 78.586
Total Elapsed time in route_design: 33.601 secs

Phase 14 Post-Route Event Processing
Phase 14 Post-Route Event Processing | Checksum: 2018e3f03

Time (s): cpu = 00:00:57 ; elapsed = 00:00:34 . Memory (MB): peak = 4193.316 ; gain = 78.586
INFO: [Route 35-16] Router Completed Successfully
Ending Routing Task | Checksum: 2018e3f03

Time (s): cpu = 00:00:57 ; elapsed = 00:00:34 . Memory (MB): peak = 4193.316 ; gain = 78.586

Routing Is Done.
INFO: [Common 17-83] Releasing license: Implementation
122 Infos, 49 Warnings, 0 Critical Warnings and 0 Errors encountered.
route_design completed successfully
route_design: Time (s): cpu = 00:01:05 ; elapsed = 00:00:39 . Memory (MB): peak = 4193.316 ; gain = 78.586
INFO: [Vivado 12-24828] Executing command : report_drc -file karatsuba_1_wrapper_drc_routed.rpt -pb karatsuba_1_wrapper_drc_routed.pb -rpx karatsuba_1_wrapper_drc_routed.rpx
Command: report_drc -file karatsuba_1_wrapper_drc_routed.rpt -pb karatsuba_1_wrapper_drc_routed.pb -rpx karatsuba_1_wrapper_drc_routed.rpx
INFO: [IP_Flow 19-1839] IP Catalog is up to date.
INFO: [DRC 23-27] Running DRC with 2 threads
INFO: [Vivado_Tcl 2-168] The results of DRC are in file C:/Karatsuba/Karatsuba_Multiplication/Karatsuba_kria/Karatsuba_kria.runs/impl_1/karatsuba_1_wrapper_drc_routed.rpt.
report_drc completed successfully
report_drc: Time (s): cpu = 00:00:16 ; elapsed = 00:00:10 . Memory (MB): peak = 4193.316 ; gain = 0.000
INFO: [Vivado 12-24828] Executing command : report_methodology -file karatsuba_1_wrapper_methodology_drc_routed.rpt -pb karatsuba_1_wrapper_methodology_drc_routed.pb -rpx karatsuba_1_wrapper_methodology_drc_routed.rpx
Command: report_methodology -file karatsuba_1_wrapper_methodology_drc_routed.rpt -pb karatsuba_1_wrapper_methodology_drc_routed.pb -rpx karatsuba_1_wrapper_methodology_drc_routed.rpx
INFO: [Timing 38-35] Done setting XDC timing constraints.
INFO: [DRC 23-133] Running Methodology with 2 threads
INFO: [Vivado_Tcl 2-1520] The results of Report Methodology are in file C:/Karatsuba/Karatsuba_Multiplication/Karatsuba_kria/Karatsuba_kria.runs/impl_1/karatsuba_1_wrapper_methodology_drc_routed.rpt.
report_methodology completed successfully
report_methodology: Time (s): cpu = 00:00:12 ; elapsed = 00:00:07 . Memory (MB): peak = 4193.316 ; gain = 0.000
INFO: [Vivado 12-24828] Executing command : report_timing_summary -max_paths 10 -report_unconstrained -file karatsuba_1_wrapper_timing_summary_routed.rpt -pb karatsuba_1_wrapper_timing_summary_routed.pb -rpx karatsuba_1_wrapper_timing_summary_routed.rpx -warn_on_violation 
INFO: [Timing 38-35] Done setting XDC timing constraints.
INFO: [Timing 38-91] UpdateTimingParams: Speed grade: -2LV, Temperature grade: C, Delay Type: min_max.
INFO: [Timing 38-191] Multithreading enabled for timing update using a maximum of 2 CPUs
INFO: [Vivado 12-24838] Running report commands "report_incremental_reuse, report_route_status" in parallel.
Running report generation with 2 threads.
INFO: [Vivado 12-24828] Executing command : report_incremental_reuse -file karatsuba_1_wrapper_incremental_reuse_routed.rpt
INFO: [Vivado_Tcl 4-1062] Incremental flow is disabled. No incremental reuse Info to report.
INFO: [Vivado 12-24828] Executing command : report_route_status -file karatsuba_1_wrapper_route_status.rpt -pb karatsuba_1_wrapper_route_status.pb
INFO: [Vivado 12-24828] Executing command : report_power -file karatsuba_1_wrapper_power_routed.rpt -pb karatsuba_1_wrapper_power_summary_routed.pb -rpx karatsuba_1_wrapper_power_routed.rpx
Command: report_power -file karatsuba_1_wrapper_power_routed.rpt -pb karatsuba_1_wrapper_power_summary_routed.pb -rpx karatsuba_1_wrapper_power_routed.rpx
Running Vector-less Activity Propagation...

Finished Running Vector-less Activity Propagation
WARNING: [Power 33-332] Found switching activity that implies high-fanout reset nets being asserted for excessive periods of time which may result in inaccurate power analysis.
Resolution: To review and fix problems, please run Power Constraints Advisor in the GUI from Tools > Power Constraints Advisor or run report_power with the -advisory option to generate a text report.
139 Infos, 50 Warnings, 0 Critical Warnings and 0 Errors encountered.
report_power completed successfully
report_power: Time (s): cpu = 00:00:21 ; elapsed = 00:00:20 . Memory (MB): peak = 4193.316 ; gain = 0.000
INFO: [Vivado 12-24828] Executing command : report_clock_utilization -file karatsuba_1_wrapper_clock_utilization_routed.rpt
WARNING: [Device 21-9320] Failed to find the Oracle tile group with name 'HSR_BOUNDARY_TOP'. This is required for Clock regions and Virtual grid.
WARNING: [Device 21-2174] Failed to initialize Virtual grid.
report_clock_utilization: Time (s): cpu = 00:00:08 ; elapsed = 00:00:08 . Memory (MB): peak = 4193.316 ; gain = 0.000
INFO: [Vivado 12-24828] Executing command : report_bus_skew -warn_on_violation -file karatsuba_1_wrapper_bus_skew_routed.rpt -pb karatsuba_1_wrapper_bus_skew_routed.pb -rpx karatsuba_1_wrapper_bus_skew_routed.rpx
INFO: [Timing 38-91] UpdateTimingParams: Speed grade: -2LV, Temperature grade: C, Delay Type: min_max.
INFO: [Timing 38-191] Multithreading enabled for timing update using a maximum of 2 CPUs
generate_parallel_reports: Time (s): cpu = 00:01:01 ; elapsed = 00:00:48 . Memory (MB): peak = 4193.316 ; gain = 0.000
INFO: [Timing 38-480] Writing timing data to binary archive.
Write ShapeDB Complete: Time (s): cpu = 00:00:00 ; elapsed = 00:00:00.093 . Memory (MB): peak = 4193.316 ; gain = 0.000
Wrote PlaceDB: Time (s): cpu = 00:00:03 ; elapsed = 00:00:02 . Memory (MB): peak = 4193.316 ; gain = 0.000
Wrote PulsedLatchDB: Time (s): cpu = 00:00:00 ; elapsed = 00:00:00 . Memory (MB): peak = 4193.316 ; gain = 0.000
Writing XDEF routing.
Writing XDEF routing logical nets.
Writing XDEF routing special nets.
Wrote RouteStorage: Time (s): cpu = 00:00:01 ; elapsed = 00:00:00.356 . Memory (MB): peak = 4193.316 ; gain = 0.000
Wrote Netlist Cache: Time (s): cpu = 00:00:00 ; elapsed = 00:00:00.023 . Memory (MB): peak = 4193.316 ; gain = 0.000
Wrote Device Cache: Time (s): cpu = 00:00:00 ; elapsed = 00:00:00.060 . Memory (MB): peak = 4193.316 ; gain = 0.000
Write Physdb Complete: Time (s): cpu = 00:00:04 ; elapsed = 00:00:02 . Memory (MB): peak = 4193.316 ; gain = 0.000
INFO: [Common 17-1381] The checkpoint 'C:/Karatsuba/Karatsuba_Multiplication/Karatsuba_kria/Karatsuba_kria.runs/impl_1/karatsuba_1_wrapper_routed.dcp' has been generated.
write_checkpoint: Time (s): cpu = 00:00:07 ; elapsed = 00:00:07 . Memory (MB): peak = 4193.316 ; gain = 0.000

WARNING::74 - Unsupported FPGA device name 'xck26-sfvc784-2LV-c'. Verify that the specified device is a valid customer supported device.
-p xck26-sfvc784-2LV-c
   ^

INFO: [Memdata 28-167] Found XPM memory block karatsuba_1_i/axi_dma_0/U0/I_PRMRY_DATAMOVER/GEN_S2MM_FULL.I_S2MM_FULL_WRAPPER/GEN_ENABLE_INDET_BTT_SF.I_INDET_BTT/I_XD_FIFO/NON_BLK_MEM.I_SYNC_FIFOGEN_FIFO/xpm_fifo_instance.xpm_fifo_sync_inst/xpm_fifo_base_inst/gen_sdpram.xpm_memory_base_inst with a P_MEMORY_PRIMITIVE property set to auto. A value of block is required. You will not be able to use the updatemem program to update the bitstream with new data for the karatsuba_1_i/axi_dma_0/U0/I_PRMRY_DATAMOVER/GEN_S2MM_FULL.I_S2MM_FULL_WRAPPER/GEN_ENABLE_INDET_BTT_SF.I_INDET_BTT/I_XD_FIFO/NON_BLK_MEM.I_SYNC_FIFOGEN_FIFO/xpm_fifo_instance.xpm_fifo_sync_inst/xpm_fifo_base_inst/gen_sdpram.xpm_memory_base_inst block.
INFO: [Memdata 28-208] The XPM instance: <karatsuba_1_i/axi_dma_0/U0/I_PRMRY_DATAMOVER/GEN_S2MM_FULL.I_S2MM_FULL_WRAPPER/GEN_ENABLE_INDET_BTT_SF.I_INDET_BTT/I_DATA_FIFO/BLK_MEM.I_SYNC_FIFOGEN_FIFO/xpm_fifo_instance.xpm_fifo_sync_inst/xpm_fifo_base_inst/gen_sdpram.xpm_memory_base_inst> is part of IP: <karatsuba_1_i/axi_dma_0>. This XPM instance will be excluded from the .mmi because updatemem is prohibited from making changes to an XPM that is part of an IP.
INFO: [Memdata 28-208] The XPM instance: <karatsuba_1_i/axi_dma_0/U0/I_PRMRY_DATAMOVER/GEN_MM2S_FULL.I_MM2S_FULL_WRAPPER/GEN_INCLUDE_MM2S_SF.I_RD_SF/I_DATA_FIFO/BLK_MEM.I_SYNC_FIFOGEN_FIFO/xpm_fifo_instance.xpm_fifo_sync_inst/xpm_fifo_base_inst/gen_sdpram.xpm_memory_base_inst> is part of IP: <karatsuba_1_i/axi_dma_0>. This XPM instance will be excluded from the .mmi because updatemem is prohibited from making changes to an XPM that is part of an IP.
Command: write_bitstream -force karatsuba_1_wrapper.bit
Attempting to get a license for feature 'Implementation' and/or device 'xck26'
INFO: [Common 17-349] Got license for feature 'Implementation' and/or device 'xck26'
Running DRC as a precondition to command write_bitstream
INFO: [IP_Flow 19-1839] IP Catalog is up to date.
INFO: [DRC 23-27] Running DRC with 2 threads
WARNING: [DRC DPIP-2] Input pipelining: DSP karatsuba_1_i/karatsuba_mult_ip_0/inst/karatsuba_mult_ip_slave_lite_v1_0_S00_AXI_inst/karatsuba_mult_inst/z00 input karatsuba_1_i/karatsuba_mult_ip_0/inst/karatsuba_mult_ip_slave_lite_v1_0_S00_AXI_inst/karatsuba_mult_inst/z00/A[29:0] is not pipelined. Pipelining DSP48 input will improve performance.
WARNING: [DRC DPIP-2] Input pipelining: DSP karatsuba_1_i/karatsuba_mult_ip_0/inst/karatsuba_mult_ip_slave_lite_v1_0_S00_AXI_inst/karatsuba_mult_inst/z00 input karatsuba_1_i/karatsuba_mult_ip_0/inst/karatsuba_mult_ip_slave_lite_v1_0_S00_AXI_inst/karatsuba_mult_inst/z00/B[17:0] is not pipelined. Pipelining DSP48 input will improve performance.
WARNING: [DRC DPIP-2] Input pipelining: DSP karatsuba_1_i/karatsuba_mult_ip_0/inst/karatsuba_mult_ip_slave_lite_v1_0_S00_AXI_inst/karatsuba_mult_inst/z1_temp0 input karatsuba_1_i/karatsuba_mult_ip_0/inst/karatsuba_mult_ip_slave_lite_v1_0_S00_AXI_inst/karatsuba_mult_inst/z1_temp0/A[29:0] is not pipelined. Pipelining DSP48 input will improve performance.
WARNING: [DRC DPIP-2] Input pipelining: DSP karatsuba_1_i/karatsuba_mult_ip_0/inst/karatsuba_mult_ip_slave_lite_v1_0_S00_AXI_inst/karatsuba_mult_inst/z1_temp0 input karatsuba_1_i/karatsuba_mult_ip_0/inst/karatsuba_mult_ip_slave_lite_v1_0_S00_AXI_inst/karatsuba_mult_inst/z1_temp0/B[17:0] is not pipelined. Pipelining DSP48 input will improve performance.
WARNING: [DRC DPIP-2] Input pipelining: DSP karatsuba_1_i/karatsuba_mult_ip_0/inst/karatsuba_mult_ip_slave_lite_v1_0_S00_AXI_inst/karatsuba_mult_inst/z20 input karatsuba_1_i/karatsuba_mult_ip_0/inst/karatsuba_mult_ip_slave_lite_v1_0_S00_AXI_inst/karatsuba_mult_inst/z20/A[29:0] is not pipelined. Pipelining DSP48 input will improve performance.
WARNING: [DRC DPIP-2] Input pipelining: DSP karatsuba_1_i/karatsuba_mult_ip_0/inst/karatsuba_mult_ip_slave_lite_v1_0_S00_AXI_inst/karatsuba_mult_inst/z20 input karatsuba_1_i/karatsuba_mult_ip_0/inst/karatsuba_mult_ip_slave_lite_v1_0_S00_AXI_inst/karatsuba_mult_inst/z20/B[17:0] is not pipelined. Pipelining DSP48 input will improve performance.
WARNING: [DRC DPOP-4] MREG Output pipelining: DSP karatsuba_1_i/karatsuba_mult_ip_0/inst/karatsuba_mult_ip_slave_lite_v1_0_S00_AXI_inst/karatsuba_mult_inst/z00 multiplier stage karatsuba_1_i/karatsuba_mult_ip_0/inst/karatsuba_mult_ip_slave_lite_v1_0_S00_AXI_inst/karatsuba_mult_inst/z00/P[47:0] is not pipelined (MREG=0). Pipelining the multiplier function will improve performance and will save significant power so it is suggested whenever possible to fully pipeline this function.  If this multiplier was inferred, it is suggested to describe an additional register stage after this function.  If there is no registered adder/accumulator following the multiply function, two pipeline stages are suggested to allow both the MREG and PREG registers to be used.  If the DSP48 was instantiated in the design, it is suggested to set both the MREG and PREG attributes to 1 when performing multiply functions.
WARNING: [DRC DPOP-4] MREG Output pipelining: DSP karatsuba_1_i/karatsuba_mult_ip_0/inst/karatsuba_mult_ip_slave_lite_v1_0_S00_AXI_inst/karatsuba_mult_inst/z1_temp0 multiplier stage karatsuba_1_i/karatsuba_mult_ip_0/inst/karatsuba_mult_ip_slave_lite_v1_0_S00_AXI_inst/karatsuba_mult_inst/z1_temp0/P[47:0] is not pipelined (MREG=0). Pipelining the multiplier function will improve performance and will save significant power so it is suggested whenever possible to fully pipeline this function.  If this multiplier was inferred, it is suggested to describe an additional register stage after this function.  If there is no registered adder/accumulator following the multiply function, two pipeline stages are suggested to allow both the MREG and PREG registers to be used.  If the DSP48 was instantiated in the design, it is suggested to set both the MREG and PREG attributes to 1 when performing multiply functions.
WARNING: [DRC DPOP-4] MREG Output pipelining: DSP karatsuba_1_i/karatsuba_mult_ip_0/inst/karatsuba_mult_ip_slave_lite_v1_0_S00_AXI_inst/karatsuba_mult_inst/z20 multiplier stage karatsuba_1_i/karatsuba_mult_ip_0/inst/karatsuba_mult_ip_slave_lite_v1_0_S00_AXI_inst/karatsuba_mult_inst/z20/P[47:0] is not pipelined (MREG=0). Pipelining the multiplier function will improve performance and will save significant power so it is suggested whenever possible to fully pipeline this function.  If this multiplier was inferred, it is suggested to describe an additional register stage after this function.  If there is no registered adder/accumulator following the multiply function, two pipeline stages are suggested to allow both the MREG and PREG registers to be used.  If the DSP48 was instantiated in the design, it is suggested to set both the MREG and PREG attributes to 1 when performing multiply functions.
WARNING: [DRC PDCN-1569] LUT equation term check: Used physical LUT pin 'A1' of cell karatsuba_1_i/axi_interconnect_0/s00_couplers/auto_ds/inst/gen_downsizer.gen_simple_downsizer.axi_downsizer_inst/USE_WRITE.write_addr_inst/USE_B_CHANNEL.cmd_b_queue/inst/fifo_gen_inst/inst_fifo_gen/gconvfifo.rf/grf.rf/gntv_or_sync_fifo.gl0.rd/gr1.gr1_int.rfwft/gpregsm1.user_valid_i_1 (pin karatsuba_1_i/axi_interconnect_0/s00_couplers/auto_ds/inst/gen_downsizer.gen_simple_downsizer.axi_downsizer_inst/USE_WRITE.write_addr_inst/USE_B_CHANNEL.cmd_b_queue/inst/fifo_gen_inst/inst_fifo_gen/gconvfifo.rf/grf.rf/gntv_or_sync_fifo.gl0.rd/gr1.gr1_int.rfwft/gpregsm1.user_valid_i_1/I1) is not included in the LUT equation: 'O5=(A3)+((~A3)*(~A5)*A4)'. If this cell is a user instantiated LUT in the design, please remove connectivity to the pin or change the equation and/or INIT string of the LUT to prevent this issue. If the cell is inferred or IP created LUT, please regenerate the IP and/or resynthesize the design to attempt to correct the issue.
WARNING: [DRC PDCN-1569] LUT equation term check: Used physical LUT pin 'A2' of cell karatsuba_1_i/axi_interconnect_0/s00_couplers/auto_ds/inst/gen_downsizer.gen_simple_downsizer.axi_downsizer_inst/USE_READ.read_addr_inst/cmd_queue/inst/fifo_gen_inst/inst_fifo_gen/gconvfifo.rf/grf.rf/gntv_or_sync_fifo.gl0.rd/gr1.gr1_int.rfwft/gpregsm1.user_valid_i_1 (pin karatsuba_1_i/axi_interconnect_0/s00_couplers/auto_ds/inst/gen_downsizer.gen_simple_downsizer.axi_downsizer_inst/USE_READ.read_addr_inst/cmd_queue/inst/fifo_gen_inst/inst_fifo_gen/gconvfifo.rf/grf.rf/gntv_or_sync_fifo.gl0.rd/gr1.gr1_int.rfwft/gpregsm1.user_valid_i_1/I1) is not included in the LUT equation: 'O5=(A3)+((~A3)*(~A1)*A4)'. If this cell is a user instantiated LUT in the design, please remove connectivity to the pin or change the equation and/or INIT string of the LUT to prevent this issue. If the cell is inferred or IP created LUT, please regenerate the IP and/or resynthesize the design to attempt to correct the issue.
WARNING: [DRC PDCN-1569] LUT equation term check: Used physical LUT pin 'A2' of cell karatsuba_1_i/axi_interconnect_0/s00_couplers/auto_ds/inst/gen_downsizer.gen_simple_downsizer.axi_downsizer_inst/USE_WRITE.write_addr_inst/cmd_queue/inst/fifo_gen_inst/inst_fifo_gen/gconvfifo.rf/grf.rf/gntv_or_sync_fifo.gl0.rd/gr1.gr1_int.rfwft/gpregsm1.user_valid_i_1 (pin karatsuba_1_i/axi_interconnect_0/s00_couplers/auto_ds/inst/gen_downsizer.gen_simple_downsizer.axi_downsizer_inst/USE_WRITE.write_addr_inst/cmd_queue/inst/fifo_gen_inst/inst_fifo_gen/gconvfifo.rf/grf.rf/gntv_or_sync_fifo.gl0.rd/gr1.gr1_int.rfwft/gpregsm1.user_valid_i_1/I1) is not included in the LUT equation: 'O5=(A3)+((~A3)*(~A5)*A4)'. If this cell is a user instantiated LUT in the design, please remove connectivity to the pin or change the equation and/or INIT string of the LUT to prevent this issue. If the cell is inferred or IP created LUT, please regenerate the IP and/or resynthesize the design to attempt to correct the issue.
WARNING: [DRC REQP-1935] RAMB36E2_nochange_collision_advisory: Synchronous clocking is detected for BRAM (karatsuba_1_i/axi_dma_0/U0/I_PRMRY_DATAMOVER/GEN_MM2S_FULL.I_MM2S_FULL_WRAPPER/GEN_INCLUDE_MM2S_SF.I_RD_SF/I_DATA_FIFO/BLK_MEM.I_SYNC_FIFOGEN_FIFO/xpm_fifo_instance.xpm_fifo_sync_inst/xpm_fifo_base_inst/gen_sdpram.xpm_memory_base_inst/gen_wr_a.gen_word_narrow.mem_reg) in SDP mode with NO_CHANGE write-mode. This is the preferred mode for best power characteristics. However, NO_CHANGE may exhibit address collisions if the same address appears on both read and write ports resulting in unknown or corrupted read data. It is suggested to confirm via simulation that an address collision never occurs and if so it is suggested to try and avoid this situation. If address collisions cannot be avoided, the write-mode may be set to READ_FIRST which guarantees that the read data is the prior contents of the memory at the cost of additional power in the design. See the FPGA Memory Resources User Guide for additional information.
WARNING: [DRC REQP-1935] RAMB36E2_nochange_collision_advisory: Synchronous clocking is detected for BRAM (karatsuba_1_i/axi_dma_0/U0/I_PRMRY_DATAMOVER/GEN_S2MM_FULL.I_S2MM_FULL_WRAPPER/GEN_ENABLE_INDET_BTT_SF.I_INDET_BTT/I_DATA_FIFO/BLK_MEM.I_SYNC_FIFOGEN_FIFO/xpm_fifo_instance.xpm_fifo_sync_inst/xpm_fifo_base_inst/gen_sdpram.xpm_memory_base_inst/gen_wr_a.gen_word_narrow.mem_reg) in SDP mode with NO_CHANGE write-mode. This is the preferred mode for best power characteristics. However, NO_CHANGE may exhibit address collisions if the same address appears on both read and write ports resulting in unknown or corrupted read data. It is suggested to confirm via simulation that an address collision never occurs and if so it is suggested to try and avoid this situation. If address collisions cannot be avoided, the write-mode may be set to READ_FIRST which guarantees that the read data is the prior contents of the memory at the cost of additional power in the design. See the FPGA Memory Resources User Guide for additional information.
WARNING: [DRC RTSTAT-10] No routable loads: 33 net(s) have no routable loads. The problem bus(es) and/or net(s) are karatsuba_1_i/axi_interconnect_0/s00_couplers/auto_ds/inst/gen_downsizer.gen_simple_downsizer.axi_downsizer_inst/USE_READ.read_addr_inst/cmd_queue/inst/fifo_gen_inst/inst_fifo_gen/gconvfifo.rf/grf.rf/gntv_or_sync_fifo.gl0.rd/gr1.gr1_int.rfwft/aempty_fwft_i, karatsuba_1_i/axi_interconnect_0/s00_couplers/auto_ds/inst/gen_downsizer.gen_simple_downsizer.axi_downsizer_inst/USE_WRITE.write_addr_inst/USE_B_CHANNEL.cmd_b_queue/inst/fifo_gen_inst/inst_fifo_gen/gconvfifo.rf/grf.rf/gntv_or_sync_fifo.gl0.rd/gr1.gr1_int.rfwft/aempty_fwft_i, karatsuba_1_i/axi_interconnect_0/s00_couplers/auto_ds/inst/gen_downsizer.gen_simple_downsizer.axi_downsizer_inst/USE_WRITE.write_addr_inst/cmd_queue/inst/fifo_gen_inst/inst_fifo_gen/gconvfifo.rf/grf.rf/gntv_or_sync_fifo.gl0.rd/gr1.gr1_int.rfwft/aempty_fwft_i, karatsuba_1_i/axi_interconnect_0/s00_couplers/auto_ds/inst/gen_downsizer.gen_simple_downsizer.axi_downsizer_inst/USE_WRITE.write_addr_inst/cmd_queue/inst/fifo_gen_inst/inst_fifo_gen/gconvfifo.rf/grf.rf/rstblk/ngwrdrst.grst.rd_rst_reg[2:0], karatsuba_1_i/axi_interconnect_0/s00_couplers/auto_ds/inst/gen_downsizer.gen_simple_downsizer.axi_downsizer_inst/USE_WRITE.write_addr_inst/USE_B_CHANNEL.cmd_b_queue/inst/fifo_gen_inst/inst_fifo_gen/gconvfifo.rf/grf.rf/rstblk/ngwrdrst.grst.rd_rst_reg[2:0], karatsuba_1_i/axi_interconnect_0/s00_couplers/auto_ds/inst/gen_downsizer.gen_simple_downsizer.axi_downsizer_inst/USE_READ.read_addr_inst/cmd_queue/inst/fifo_gen_inst/inst_fifo_gen/gconvfifo.rf/grf.rf/rstblk/ngwrdrst.grst.rd_rst_reg[2:0], karatsuba_1_i/axi_interconnect_0/s00_couplers/auto_ds/inst/gen_downsizer.gen_simple_downsizer.axi_downsizer_inst/USE_WRITE.write_addr_inst/cmd_queue/inst/fifo_gen_inst/inst_fifo_gen/gconvfifo.rf/grf.rf/rstblk/ngwrdrst.grst.wr_rst_reg[2:0], karatsuba_1_i/axi_interconnect_0/s00_couplers/auto_ds/inst/gen_downsizer.gen_simple_downsizer.axi_downsizer_inst/USE_WRITE.write_addr_inst/USE_B_CHANNEL.cmd_b_queue/inst/fifo_gen_inst/inst_fifo_gen/gconvfifo.rf/grf.rf/rstblk/ngwrdrst.grst.wr_rst_reg[2:0], karatsuba_1_i/axi_interconnect_0/s00_couplers/auto_ds/inst/gen_downsizer.gen_simple_downsizer.axi_downsizer_inst/USE_READ.read_addr_inst/cmd_queue/inst/fifo_gen_inst/inst_fifo_gen/gconvfifo.rf/grf.rf/rstblk/ngwrdrst.grst.wr_rst_reg[2:0], karatsuba_1_i/axi_interconnect_0/s00_couplers/auto_ds/inst/gen_downsizer.gen_simple_downsizer.axi_downsizer_inst/USE_READ.read_addr_inst/cmd_queue/inst/fifo_gen_inst/inst_fifo_gen/gconvfifo.rf/grf.rf/gntv_or_sync_fifo.gl0.wr/gwss.wsts/ram_afull_fb, karatsuba_1_i/axi_interconnect_0/s00_couplers/auto_ds/inst/gen_downsizer.gen_simple_downsizer.axi_downsizer_inst/USE_WRITE.write_addr_inst/cmd_queue/inst/fifo_gen_inst/inst_fifo_gen/gconvfifo.rf/grf.rf/gntv_or_sync_fifo.gl0.wr/gwss.wsts/ram_afull_fb, karatsuba_1_i/axi_interconnect_0/s00_couplers/auto_ds/inst/gen_downsizer.gen_simple_downsizer.axi_downsizer_inst/USE_WRITE.write_addr_inst/USE_B_CHANNEL.cmd_b_queue/inst/fifo_gen_inst/inst_fifo_gen/gconvfifo.rf/grf.rf/gntv_or_sync_fifo.gl0.wr/gwss.wsts/ram_afull_fb, karatsuba_1_i/axi_interconnect_0/s00_couplers/auto_ds/inst/gen_downsizer.gen_simple_downsizer.axi_downsizer_inst/USE_WRITE.write_addr_inst/cmd_queue/inst/fifo_gen_inst/inst_fifo_gen/gconvfifo.rf/grf.rf/gntv_or_sync_fifo.gl0.wr/gwss.wsts/ram_afull_i, karatsuba_1_i/axi_interconnect_0/s00_couplers/auto_ds/inst/gen_downsizer.gen_simple_downsizer.axi_downsizer_inst/USE_WRITE.write_addr_inst/USE_B_CHANNEL.cmd_b_queue/inst/fifo_gen_inst/inst_fifo_gen/gconvfifo.rf/grf.rf/gntv_or_sync_fifo.gl0.wr/gwss.wsts/ram_afull_i, karatsuba_1_i/axi_interconnect_0/s00_couplers/auto_ds/inst/gen_downsizer.gen_simple_downsizer.axi_downsizer_inst/USE_READ.read_addr_inst/cmd_queue/inst/fifo_gen_inst/inst_fifo_gen/gconvfifo.rf/grf.rf/gntv_or_sync_fifo.gl0.wr/gwss.wsts/ram_afull_i... and (the first 15 of 21 listed).
INFO: [Vivado 12-3199] DRC finished with 0 Errors, 15 Warnings
INFO: [Vivado 12-3200] Please refer to the DRC report (report_drc) for more information.
INFO: [Designutils 20-2272] Running write_bitstream with 2 threads.
Loading data files...
Loading site data...
Loading route data...
Processing options...
Creating bitmap...
Creating bitstream...
Writing bitstream ./karatsuba_1_wrapper.bit...
INFO: [Vivado 12-1842] Bitgen Completed Successfully.
INFO: [Project 1-1876] WebTalk data collection is mandatory when using a ULT device. To see the specific WebTalk data collected for your design, open the usage_statistics_webtalk.html or usage_statistics_webtalk.xml file in the implementation directory.
INFO: [Common 17-83] Releasing license: Implementation
157 Infos, 67 Warnings, 0 Critical Warnings and 0 Errors encountered.
write_bitstream completed successfully
write_bitstream: Time (s): cpu = 00:00:41 ; elapsed = 00:00:35 . Memory (MB): peak = 4193.316 ; gain = 0.000
INFO: [Common 17-206] Exiting Vivado at Sun Jun  7 22:43:50 2026...
