Copyright 1986-2022 Xilinx, Inc. All Rights Reserved. Copyright 2022-2024 Advanced Micro Devices, Inc. All Rights Reserved.
---------------------------------------------------------------------------------------------------------------------------------------------
| Tool Version : Vivado v.2024.1 (win64) Build 5076996 Wed May 22 18:37:14 MDT 2024
| Date         : Sun Jun  7 22:33:38 2026
| Host         : Rysiek running 64-bit major release  (build 9200)
| Command      : upgrade_ip
| Device       : xck26-sfvc784-2LV-c
---------------------------------------------------------------------------------------------------------------------------------------------

Upgrade Log for IP 'karatsuba_1_karatsuba_mult_ip_0_0'

1. Summary
----------

SUCCESS in the upgrade of karatsuba_1_karatsuba_mult_ip_0_0 (xilinx.com:user:karatsuba_mult_ip:1.0) from (Rev. 3) to (Rev. 4)






Copyright 1986-2022 Xilinx, Inc. All Rights Reserved. Copyright 2022-2024 Advanced Micro Devices, Inc. All Rights Reserved.
---------------------------------------------------------------------------------------------------------------------------------------------
| Tool Version : Vivado v.2024.1 (win64) Build 5076996 Wed May 22 18:37:14 MDT 2024
| Date         : Sun Jun  7 22:31:19 2026
| Host         : Rysiek running 64-bit major release  (build 9200)
| Command      : upgrade_ip
| Device       : xck26-sfvc784-2LV-c
---------------------------------------------------------------------------------------------------------------------------------------------

Upgrade Log for IP 'karatsuba_1_karatsuba_mult_ip_0_0'

1. Summary
----------

SUCCESS in the upgrade of karatsuba_1_karatsuba_mult_ip_0_0 (xilinx.com:user:karatsuba_mult_ip:1.0) from (Rev. 2) to (Rev. 3)






Copyright 1986-2022 Xilinx, Inc. All Rights Reserved. Copyright 2022-2024 Advanced Micro Devices, Inc. All Rights Reserved.
---------------------------------------------------------------------------------------------------------------------------------------------
| Tool Version : Vivado v.2024.1 (win64) Build 5076996 Wed May 22 18:37:14 MDT 2024
| Date         : Sun Jun  7 22:28:32 2026
| Host         : Rysiek running 64-bit major release  (build 9200)
| Command      : upgrade_ip
| Device       : xck26-sfvc784-2LV-c
---------------------------------------------------------------------------------------------------------------------------------------------

Upgrade Log for IP 'karatsuba_1_naive_ip_0_0'

1. Summary
----------

SUCCESS in the update of karatsuba_1_naive_ip_0_0 (xilinx.com:user:naive_ip:1.0 (Rev. 7)) to current project options.






Copyright 1986-2022 Xilinx, Inc. All Rights Reserved. Copyright 2022-2024 Advanced Micro Devices, Inc. All Rights Reserved.
---------------------------------------------------------------------------------------------------------------------------------------------
| Tool Version : Vivado v.2024.1 (win64) Build 5076996 Wed May 22 18:37:14 MDT 2024
| Date         : Sun Jun  7 22:28:32 2026
| Host         : Rysiek running 64-bit major release  (build 9200)
| Command      : upgrade_ip
| Device       : xck26-sfvc784-2LV-c
---------------------------------------------------------------------------------------------------------------------------------------------

Upgrade Log for IP 'karatsuba_1_karatsuba_pipeline_ip_0_0'

1. Summary
----------

SUCCESS in the update of karatsuba_1_karatsuba_pipeline_ip_0_0 (xilinx.com:user:karatsuba_pipeline_ip:1.0 (Rev. 5)) to current project options.






Copyright 1986-2022 Xilinx, Inc. All Rights Reserved. Copyright 2022-2024 Advanced Micro Devices, Inc. All Rights Reserved.
---------------------------------------------------------------------------------------------------------------------------------------------
| Tool Version : Vivado v.2024.1 (win64) Build 5076996 Wed May 22 18:37:14 MDT 2024
| Date         : Sun Jun  7 22:28:32 2026
| Host         : Rysiek running 64-bit major release  (build 9200)
| Command      : upgrade_ip
| Device       : xck26-sfvc784-2LV-c
---------------------------------------------------------------------------------------------------------------------------------------------

Upgrade Log for IP 'karatsuba_1_karatsuba_mult_ip_0_0'

1. Summary
----------

SUCCESS in the upgrade of karatsuba_1_karatsuba_mult_ip_0_0 (xilinx.com:user:karatsuba_mult_ip:1.0) from (Rev. 1) to (Rev. 2)






Copyright 1986-2022 Xilinx, Inc. All Rights Reserved. Copyright 2022-2024 Advanced Micro Devices, Inc. All Rights Reserved.
---------------------------------------------------------------------------------------------------------------------------------------------
| Tool Version : Vivado v.2024.1 (win64) Build 5076996 Wed May 22 18:37:14 MDT 2024
| Date         : Sun Jun  7 21:38:31 2026
| Host         : Rysiek running 64-bit major release  (build 9200)
| Command      : upgrade_ip
| Device       : xck26-sfvc784-2LV-c
---------------------------------------------------------------------------------------------------------------------------------------------

Upgrade Log for IP 'karatsuba_1_karatsuba_pipeline_ip_0_0'

1. Summary
----------

SUCCESS in the upgrade of karatsuba_1_karatsuba_pipeline_ip_0_0 (xilinx.com:user:karatsuba_pipeline_ip:1.0) from (Rev. 4) to (Rev. 5)






Copyright 1986-2022 Xilinx, Inc. All Rights Reserved. Copyright 2022-2024 Advanced Micro Devices, Inc. All Rights Reserved.
---------------------------------------------------------------------------------------------------------------------------------------------
| Tool Version : Vivado v.2024.1 (win64) Build 5076996 Wed May 22 18:37:14 MDT 2024
| Date         : Sun Jun  7 21:09:54 2026
| Host         : Rysiek running 64-bit major release  (build 9200)
| Command      : upgrade_ip
| Device       : xck26-sfvc784-2LV-c
---------------------------------------------------------------------------------------------------------------------------------------------

Upgrade Log for IP 'karatsuba_1_karatsuba_pipeline_ip_0_0'

1. Summary
----------

SUCCESS in the upgrade of karatsuba_1_karatsuba_pipeline_ip_0_0 (xilinx.com:user:karatsuba_pipeline_ip:1.0) from (Rev. 3) to (Rev. 4)






Copyright 1986-2022 Xilinx, Inc. All Rights Reserved. Copyright 2022-2024 Advanced Micro Devices, Inc. All Rights Reserved.
---------------------------------------------------------------------------------------------------------------------------------------------
| Tool Version : Vivado v.2024.1 (win64) Build 5076996 Wed May 22 18:37:14 MDT 2024
| Date         : Sun Jun  7 20:17:26 2026
| Host         : Rysiek running 64-bit major release  (build 9200)
| Command      : upgrade_ip
| Device       : xck26-sfvc784-2LV-c
---------------------------------------------------------------------------------------------------------------------------------------------

Upgrade Log for IP 'karatsuba_1_naive_ip_0_0'

1. Summary
----------

SUCCESS in the upgrade of karatsuba_1_naive_ip_0_0 (xilinx.com:user:naive_ip:1.0) from (Rev. 6) to (Rev. 7)






Copyright 1986-2022 Xilinx, Inc. All Rights Reserved. Copyright 2022-2024 Advanced Micro Devices, Inc. All Rights Reserved.
---------------------------------------------------------------------------------------------------------------------------------------------
| Tool Version : Vivado v.2024.1 (win64) Build 5076996 Wed May 22 18:37:14 MDT 2024
| Date         : Sun Jun  7 19:10:57 2026
| Host         : Rysiek running 64-bit major release  (build 9200)
| Command      : upgrade_ip
| Device       : xck26-sfvc784-2LV-c
---------------------------------------------------------------------------------------------------------------------------------------------

Upgrade Log for IP 'karatsuba_1_karatsuba_pipeline_ip_0_0'

1. Summary
----------

SUCCESS in the upgrade of karatsuba_1_karatsuba_pipeline_ip_0_0 (xilinx.com:user:karatsuba_pipeline_ip:1.0) from (Rev. 2) to (Rev. 3)






Copyright 1986-2022 Xilinx, Inc. All Rights Reserved. Copyright 2022-2024 Advanced Micro Devices, Inc. All Rights Reserved.
---------------------------------------------------------------------------------------------------------------------------------------------
| Tool Version : Vivado v.2024.1 (win64) Build 5076996 Wed May 22 18:37:14 MDT 2024
| Date         : Sun Jun  7 18:53:10 2026
| Host         : Rysiek running 64-bit major release  (build 9200)
| Command      : upgrade_ip
| Device       : xck26-sfvc784-2LV-c
---------------------------------------------------------------------------------------------------------------------------------------------

Upgrade Log for IP 'karatsuba_1_karatsuba_pipeline_ip_0_0'

1. Summary
----------

CAUTION (success, with warnings) in the upgrade of karatsuba_1_karatsuba_pipeline_ip_0_0 (xilinx.com:user:karatsuba_pipeline_ip:1.0) from (Rev. 1) to (Rev. 2)

After upgrade, an IP may have parameter and port differences compared to the original customization. Please review the parameters within the IP customization GUI to ensure proper functionality. Also, please review the updated IP instantiation template to ensure proper connectivity, and update your design if required.

2. Connection Warnings
----------------------

Detected external port differences while upgrading 'karatsuba_1_karatsuba_pipeline_ip_0_0'. These changes may impact your design.


-Upgraded port order differs after port 's00_axis_aclk'







Copyright 1986-2022 Xilinx, Inc. All Rights Reserved. Copyright 2022-2024 Advanced Micro Devices, Inc. All Rights Reserved.
---------------------------------------------------------------------------------------------------------------------------------------------
| Tool Version : Vivado v.2024.1 (win64) Build 5076996 Wed May 22 18:37:14 MDT 2024
| Date         : Fri Jun  5 23:49:16 2026
| Host         : Rysiek running 64-bit major release  (build 9200)
| Command      : upgrade_ip
| Device       : xck26-sfvc784-2LV-c
---------------------------------------------------------------------------------------------------------------------------------------------

Upgrade Log for IP 'design_kv260_naive_ip_0_0'

1. Summary
----------

SUCCESS in the upgrade of design_kv260_naive_ip_0_0 (xilinx.com:user:naive_ip:1.0) from (Rev. 5) to (Rev. 6)






Copyright 1986-2022 Xilinx, Inc. All Rights Reserved. Copyright 2022-2024 Advanced Micro Devices, Inc. All Rights Reserved.
---------------------------------------------------------------------------------------------------------------------------------------------
| Tool Version : Vivado v.2024.1 (win64) Build 5076996 Wed May 22 18:37:14 MDT 2024
| Date         : Fri Jun  5 22:46:40 2026
| Host         : Rysiek running 64-bit major release  (build 9200)
| Command      : upgrade_ip
| Device       : xck26-sfvc784-2LV-c
---------------------------------------------------------------------------------------------------------------------------------------------

Upgrade Log for IP 'design_kv260_naive_ip_0_0'

1. Summary
----------

SUCCESS in the upgrade of design_kv260_naive_ip_0_0 (xilinx.com:user:naive_ip:1.0) from (Rev. 4) to (Rev. 5)






Copyright 1986-2022 Xilinx, Inc. All Rights Reserved. Copyright 2022-2024 Advanced Micro Devices, Inc. All Rights Reserved.
---------------------------------------------------------------------------------------------------------------------------------------------
| Tool Version : Vivado v.2024.1 (win64) Build 5076996 Wed May 22 18:37:14 MDT 2024
| Date         : Fri Jun  5 22:39:55 2026
| Host         : Rysiek running 64-bit major release  (build 9200)
| Command      : upgrade_ip
| Device       : xck26-sfvc784-2LV-c
---------------------------------------------------------------------------------------------------------------------------------------------

Upgrade Log for IP 'design_kv260_karatsuba_ip_0_0'

1. Summary
----------

SUCCESS in the upgrade of design_kv260_karatsuba_ip_0_0 (xilinx.com:user:karatsuba_ip:1.0) from (Rev. 2) to (Rev. 3)






Copyright 1986-2022 Xilinx, Inc. All Rights Reserved. Copyright 2022-2024 Advanced Micro Devices, Inc. All Rights Reserved.
---------------------------------------------------------------------------------------------------------------------------------------------
| Tool Version : Vivado v.2024.1 (win64) Build 5076996 Wed May 22 18:37:14 MDT 2024
| Date         : Fri Jun  5 22:38:15 2026
| Host         : Rysiek running 64-bit major release  (build 9200)
| Command      : upgrade_ip
| Device       : xck26-sfvc784-2LV-c
---------------------------------------------------------------------------------------------------------------------------------------------

Upgrade Log for IP 'design_kv260_naive_ip_0_0'

1. Summary
----------

SUCCESS in the upgrade of design_kv260_naive_ip_0_0 (xilinx.com:user:naive_ip:1.0) from (Rev. 3) to (Rev. 4)






Copyright 1986-2022 Xilinx, Inc. All Rights Reserved. Copyright 2022-2024 Advanced Micro Devices, Inc. All Rights Reserved.
---------------------------------------------------------------------------------------------------------------------------------------------
| Tool Version : Vivado v.2024.1 (win64) Build 5076996 Wed May 22 18:37:14 MDT 2024
| Date         : Fri Jun  5 22:28:51 2026
| Host         : Rysiek running 64-bit major release  (build 9200)
| Command      : upgrade_ip
| Device       : xck26-sfvc784-2LV-c
---------------------------------------------------------------------------------------------------------------------------------------------

Upgrade Log for IP 'design_kv260_naive_ip_0_0'

1. Summary
----------

SUCCESS in the upgrade of design_kv260_naive_ip_0_0 (xilinx.com:user:naive_ip:1.0) from (Rev. 2) to (Rev. 3)

